[0.187s] DEBUG:colcon:Command line arguments: ['/usr/bin/colcon', 'build', '--packages-select', 'cpp03_tf_broadcaster']
[0.187s] DEBUG:colcon:Parsed command line arguments: Namespace(log_base=None, log_level=None, verb_name='build', build_base='build', install_base='install', merge_install=False, symlink_install=False, test_result_base=None, continue_on_error=False, executor='parallel', parallel_workers=2, event_handlers=None, ignore_user_meta=False, metas=['./colcon.meta'], base_paths=['.'], packages_ignore=None, packages_ignore_regex=None, paths=None, packages_up_to=None, packages_up_to_regex=None, packages_above=None, packages_above_and_dependencies=None, packages_above_depth=None, packages_select_by_dep=None, packages_skip_by_dep=None, packages_skip_up_to=None, packages_select_build_failed=False, packages_skip_build_finished=False, packages_select_test_failures=False, packages_skip_test_passed=False, packages_select=['cpp03_tf_broadcaster'], packages_skip=None, packages_select_regex=None, packages_skip_regex=None, packages_start=None, packages_end=None, allow_overriding=[], cmake_args=None, cmake_target=None, cmake_target_skip_unavailable=False, cmake_clean_cache=False, cmake_clean_first=False, cmake_force_configure=False, ament_cmake_args=None, catkin_cmake_args=None, catkin_skip_building_tests=False, verb_parser=<colcon_defaults.argument_parser.defaults.DefaultArgumentsDecorator object at 0x7f257df4b0d0>, verb_extension=<colcon_core.verb.build.BuildVerb object at 0x7f257df4a7d0>, main=<bound method BuildVerb.main of <colcon_core.verb.build.BuildVerb object at 0x7f257df4a7d0>>)
[0.438s] Level 1:colcon.colcon_core.package_discovery:discover_packages(colcon_meta) check parameters
[0.438s] Level 1:colcon.colcon_core.package_discovery:discover_packages(recursive) check parameters
[0.438s] Level 1:colcon.colcon_core.package_discovery:discover_packages(ignore) check parameters
[0.438s] Level 1:colcon.colcon_core.package_discovery:discover_packages(path) check parameters
[0.438s] Level 1:colcon.colcon_core.package_discovery:discover_packages(colcon_meta) discover
[0.439s] Level 1:colcon.colcon_core.package_discovery:discover_packages(recursive) discover
[0.439s] INFO:colcon.colcon_core.package_discovery:Crawling recursively for packages in '/home/hqd/桌面/ws02_tools'
[0.439s] Level 1:colcon.colcon_core.package_identification:_identify(.) by extensions ['ignore', 'ignore_ament_install']
[0.439s] Level 1:colcon.colcon_core.package_identification:_identify(.) by extension 'ignore'
[0.439s] Level 1:colcon.colcon_core.package_identification:_identify(.) by extension 'ignore_ament_install'
[0.439s] Level 1:colcon.colcon_core.package_identification:_identify(.) by extensions ['colcon_pkg']
[0.439s] Level 1:colcon.colcon_core.package_identification:_identify(.) by extension 'colcon_pkg'
[0.439s] Level 1:colcon.colcon_core.package_identification:_identify(.) by extensions ['colcon_meta']
[0.439s] Level 1:colcon.colcon_core.package_identification:_identify(.) by extension 'colcon_meta'
[0.439s] Level 1:colcon.colcon_core.package_identification:_identify(.) by extensions ['ros']
[0.439s] Level 1:colcon.colcon_core.package_identification:_identify(.) by extension 'ros'
[0.448s] Level 1:colcon.colcon_core.package_identification:_identify(.) by extensions ['cmake', 'python']
[0.448s] Level 1:colcon.colcon_core.package_identification:_identify(.) by extension 'cmake'
[0.448s] Level 1:colcon.colcon_core.package_identification:_identify(.) by extension 'python'
[0.448s] Level 1:colcon.colcon_core.package_identification:_identify(.) by extensions ['python_setup_py']
[0.448s] Level 1:colcon.colcon_core.package_identification:_identify(.) by extension 'python_setup_py'
[0.449s] Level 1:colcon.colcon_core.package_identification:_identify(build) by extensions ['ignore', 'ignore_ament_install']
[0.449s] Level 1:colcon.colcon_core.package_identification:_identify(build) by extension 'ignore'
[0.449s] Level 1:colcon.colcon_core.package_identification:_identify(build) ignored
[0.449s] Level 1:colcon.colcon_core.package_identification:_identify(install) by extensions ['ignore', 'ignore_ament_install']
[0.449s] Level 1:colcon.colcon_core.package_identification:_identify(install) by extension 'ignore'
[0.449s] Level 1:colcon.colcon_core.package_identification:_identify(install) ignored
[0.449s] Level 1:colcon.colcon_core.package_identification:_identify(log) by extensions ['ignore', 'ignore_ament_install']
[0.449s] Level 1:colcon.colcon_core.package_identification:_identify(log) by extension 'ignore'
[0.449s] Level 1:colcon.colcon_core.package_identification:_identify(log) ignored
[0.449s] Level 1:colcon.colcon_core.package_identification:_identify(my_bag) by extensions ['ignore', 'ignore_ament_install']
[0.449s] Level 1:colcon.colcon_core.package_identification:_identify(my_bag) by extension 'ignore'
[0.449s] Level 1:colcon.colcon_core.package_identification:_identify(my_bag) by extension 'ignore_ament_install'
[0.449s] Level 1:colcon.colcon_core.package_identification:_identify(my_bag) by extensions ['colcon_pkg']
[0.450s] Level 1:colcon.colcon_core.package_identification:_identify(my_bag) by extension 'colcon_pkg'
[0.450s] Level 1:colcon.colcon_core.package_identification:_identify(my_bag) by extensions ['colcon_meta']
[0.450s] Level 1:colcon.colcon_core.package_identification:_identify(my_bag) by extension 'colcon_meta'
[0.450s] Level 1:colcon.colcon_core.package_identification:_identify(my_bag) by extensions ['ros']
[0.450s] Level 1:colcon.colcon_core.package_identification:_identify(my_bag) by extension 'ros'
[0.450s] Level 1:colcon.colcon_core.package_identification:_identify(my_bag) by extensions ['cmake', 'python']
[0.450s] Level 1:colcon.colcon_core.package_identification:_identify(my_bag) by extension 'cmake'
[0.450s] Level 1:colcon.colcon_core.package_identification:_identify(my_bag) by extension 'python'
[0.450s] Level 1:colcon.colcon_core.package_identification:_identify(my_bag) by extensions ['python_setup_py']
[0.450s] Level 1:colcon.colcon_core.package_identification:_identify(my_bag) by extension 'python_setup_py'
[0.450s] Level 1:colcon.colcon_core.package_identification:_identify(src) by extensions ['ignore', 'ignore_ament_install']
[0.450s] Level 1:colcon.colcon_core.package_identification:_identify(src) by extension 'ignore'
[0.450s] Level 1:colcon.colcon_core.package_identification:_identify(src) by extension 'ignore_ament_install'
[0.450s] Level 1:colcon.colcon_core.package_identification:_identify(src) by extensions ['colcon_pkg']
[0.450s] Level 1:colcon.colcon_core.package_identification:_identify(src) by extension 'colcon_pkg'
[0.450s] Level 1:colcon.colcon_core.package_identification:_identify(src) by extensions ['colcon_meta']
[0.450s] Level 1:colcon.colcon_core.package_identification:_identify(src) by extension 'colcon_meta'
[0.450s] Level 1:colcon.colcon_core.package_identification:_identify(src) by extensions ['ros']
[0.450s] Level 1:colcon.colcon_core.package_identification:_identify(src) by extension 'ros'
[0.451s] Level 1:colcon.colcon_core.package_identification:_identify(src) by extensions ['cmake', 'python']
[0.451s] Level 1:colcon.colcon_core.package_identification:_identify(src) by extension 'cmake'
[0.451s] Level 1:colcon.colcon_core.package_identification:_identify(src) by extension 'python'
[0.451s] Level 1:colcon.colcon_core.package_identification:_identify(src) by extensions ['python_setup_py']
[0.451s] Level 1:colcon.colcon_core.package_identification:_identify(src) by extension 'python_setup_py'
[0.451s] Level 1:colcon.colcon_core.package_identification:_identify(src/cpp02_rosbag) by extensions ['ignore', 'ignore_ament_install']
[0.451s] Level 1:colcon.colcon_core.package_identification:_identify(src/cpp02_rosbag) by extension 'ignore'
[0.451s] Level 1:colcon.colcon_core.package_identification:_identify(src/cpp02_rosbag) by extension 'ignore_ament_install'
[0.451s] Level 1:colcon.colcon_core.package_identification:_identify(src/cpp02_rosbag) by extensions ['colcon_pkg']
[0.451s] Level 1:colcon.colcon_core.package_identification:_identify(src/cpp02_rosbag) by extension 'colcon_pkg'
[0.451s] Level 1:colcon.colcon_core.package_identification:_identify(src/cpp02_rosbag) by extensions ['colcon_meta']
[0.451s] Level 1:colcon.colcon_core.package_identification:_identify(src/cpp02_rosbag) by extension 'colcon_meta'
[0.451s] Level 1:colcon.colcon_core.package_identification:_identify(src/cpp02_rosbag) by extensions ['ros']
[0.451s] Level 1:colcon.colcon_core.package_identification:_identify(src/cpp02_rosbag) by extension 'ros'
[0.454s] DEBUG:colcon.colcon_core.package_identification:Package 'src/cpp02_rosbag' with type 'ros.ament_cmake' and name 'cpp02_rosbag'
[0.455s] Level 1:colcon.colcon_core.package_identification:_identify(src/cpp03_tf_broadcaster) by extensions ['ignore', 'ignore_ament_install']
[0.455s] Level 1:colcon.colcon_core.package_identification:_identify(src/cpp03_tf_broadcaster) by extension 'ignore'
[0.455s] Level 1:colcon.colcon_core.package_identification:_identify(src/cpp03_tf_broadcaster) by extension 'ignore_ament_install'
[0.455s] Level 1:colcon.colcon_core.package_identification:_identify(src/cpp03_tf_broadcaster) by extensions ['colcon_pkg']
[0.455s] Level 1:colcon.colcon_core.package_identification:_identify(src/cpp03_tf_broadcaster) by extension 'colcon_pkg'
[0.455s] Level 1:colcon.colcon_core.package_identification:_identify(src/cpp03_tf_broadcaster) by extensions ['colcon_meta']
[0.455s] Level 1:colcon.colcon_core.package_identification:_identify(src/cpp03_tf_broadcaster) by extension 'colcon_meta'
[0.455s] Level 1:colcon.colcon_core.package_identification:_identify(src/cpp03_tf_broadcaster) by extensions ['ros']
[0.455s] Level 1:colcon.colcon_core.package_identification:_identify(src/cpp03_tf_broadcaster) by extension 'ros'
[0.456s] DEBUG:colcon.colcon_core.package_identification:Package 'src/cpp03_tf_broadcaster' with type 'ros.ament_cmake' and name 'cpp03_tf_broadcaster'
[0.456s] Level 1:colcon.colcon_core.package_discovery:discover_packages(recursive) using defaults
[0.456s] Level 1:colcon.colcon_core.package_discovery:discover_packages(ignore) discover
[0.456s] Level 1:colcon.colcon_core.package_discovery:discover_packages(ignore) using defaults
[0.456s] Level 1:colcon.colcon_core.package_discovery:discover_packages(path) discover
[0.456s] Level 1:colcon.colcon_core.package_discovery:discover_packages(path) using defaults
[0.477s] INFO:colcon.colcon_core.package_selection:Skipping not selected package 'cpp02_rosbag' in 'src/cpp02_rosbag'
[0.477s] Level 1:colcon.colcon_core.package_discovery:discover_packages(prefix_path) check parameters
[0.477s] Level 1:colcon.colcon_core.package_discovery:discover_packages(prefix_path) discover
[0.482s] DEBUG:colcon.colcon_installed_package_information.package_discovery:Found 275 installed packages in /opt/ros/humble
[0.490s] Level 1:colcon.colcon_core.package_discovery:discover_packages(prefix_path) using defaults
[0.519s] Level 5:colcon.colcon_core.verb:set package 'cpp03_tf_broadcaster' build argument 'cmake_args' from command line to 'None'
[0.520s] Level 5:colcon.colcon_core.verb:set package 'cpp03_tf_broadcaster' build argument 'cmake_target' from command line to 'None'
[0.520s] Level 5:colcon.colcon_core.verb:set package 'cpp03_tf_broadcaster' build argument 'cmake_target_skip_unavailable' from command line to 'False'
[0.520s] Level 5:colcon.colcon_core.verb:set package 'cpp03_tf_broadcaster' build argument 'cmake_clean_cache' from command line to 'False'
[0.520s] Level 5:colcon.colcon_core.verb:set package 'cpp03_tf_broadcaster' build argument 'cmake_clean_first' from command line to 'False'
[0.520s] Level 5:colcon.colcon_core.verb:set package 'cpp03_tf_broadcaster' build argument 'cmake_force_configure' from command line to 'False'
[0.520s] Level 5:colcon.colcon_core.verb:set package 'cpp03_tf_broadcaster' build argument 'ament_cmake_args' from command line to 'None'
[0.520s] Level 5:colcon.colcon_core.verb:set package 'cpp03_tf_broadcaster' build argument 'catkin_cmake_args' from command line to 'None'
[0.520s] Level 5:colcon.colcon_core.verb:set package 'cpp03_tf_broadcaster' build argument 'catkin_skip_building_tests' from command line to 'False'
[0.520s] DEBUG:colcon.colcon_core.verb:Building package 'cpp03_tf_broadcaster' with the following arguments: {'ament_cmake_args': None, 'build_base': '/home/hqd/桌面/ws02_tools/build/cpp03_tf_broadcaster', 'catkin_cmake_args': None, 'catkin_skip_building_tests': False, 'cmake_args': None, 'cmake_clean_cache': False, 'cmake_clean_first': False, 'cmake_force_configure': False, 'cmake_target': None, 'cmake_target_skip_unavailable': False, 'install_base': '/home/hqd/桌面/ws02_tools/install/cpp03_tf_broadcaster', 'merge_install': False, 'path': '/home/hqd/桌面/ws02_tools/src/cpp03_tf_broadcaster', 'symlink_install': False, 'test_result_base': None}
[0.520s] INFO:colcon.colcon_core.executor:Executing jobs using 'parallel' executor
[0.521s] DEBUG:colcon.colcon_parallel_executor.executor.parallel:run_until_complete
[0.521s] INFO:colcon.colcon_ros.task.ament_cmake.build:Building ROS package in '/home/hqd/桌面/ws02_tools/src/cpp03_tf_broadcaster' with build type 'ament_cmake'
[0.521s] INFO:colcon.colcon_cmake.task.cmake.build:Building CMake package in '/home/hqd/桌面/ws02_tools/src/cpp03_tf_broadcaster'
[0.527s] INFO:colcon.colcon_core.plugin_system:Skipping extension 'colcon_core.shell.bat': Not used on non-Windows systems
[0.527s] INFO:colcon.colcon_core.shell:Skip shell extension 'powershell' for command environment: Not usable outside of PowerShell
[0.527s] DEBUG:colcon.colcon_core.shell:Skip shell extension 'dsv' for command environment
[0.550s] DEBUG:colcon.colcon_core.event_handler.log_command:Invoking command in '/home/hqd/桌面/ws02_tools/build/cpp03_tf_broadcaster': CMAKE_PREFIX_PATH=/opt/ros/humble /usr/bin/cmake --build /home/hqd/桌面/ws02_tools/build/cpp03_tf_broadcaster -- -j2 -l2
[4.458s] DEBUG:colcon.colcon_core.event_handler.log_command:Invoked command in '/home/hqd/桌面/ws02_tools/build/cpp03_tf_broadcaster' returned '0': CMAKE_PREFIX_PATH=/opt/ros/humble /usr/bin/cmake --build /home/hqd/桌面/ws02_tools/build/cpp03_tf_broadcaster -- -j2 -l2
[4.467s] DEBUG:colcon.colcon_core.event_handler.log_command:Invoking command in '/home/hqd/桌面/ws02_tools/build/cpp03_tf_broadcaster': CMAKE_PREFIX_PATH=/opt/ros/humble /usr/bin/cmake --install /home/hqd/桌面/ws02_tools/build/cpp03_tf_broadcaster
[4.477s] Level 1:colcon.colcon_core.environment:create_environment_scripts_only(cpp03_tf_broadcaster)
[4.477s] DEBUG:colcon.colcon_core.event_handler.log_command:Invoked command in '/home/hqd/桌面/ws02_tools/build/cpp03_tf_broadcaster' returned '0': CMAKE_PREFIX_PATH=/opt/ros/humble /usr/bin/cmake --install /home/hqd/桌面/ws02_tools/build/cpp03_tf_broadcaster
[4.482s] Level 1:colcon.colcon_core.environment:checking '/home/hqd/桌面/ws02_tools/install/cpp03_tf_broadcaster' for CMake module files
[4.483s] Level 1:colcon.colcon_core.environment:checking '/home/hqd/桌面/ws02_tools/install/cpp03_tf_broadcaster' for CMake config files
[4.483s] Level 1:colcon.colcon_core.shell:create_environment_hook('cpp03_tf_broadcaster', 'cmake_prefix_path')
[4.483s] INFO:colcon.colcon_core.shell:Creating environment hook '/home/hqd/桌面/ws02_tools/install/cpp03_tf_broadcaster/share/cpp03_tf_broadcaster/hook/cmake_prefix_path.ps1'
[4.484s] INFO:colcon.colcon_core.shell:Creating environment descriptor '/home/hqd/桌面/ws02_tools/install/cpp03_tf_broadcaster/share/cpp03_tf_broadcaster/hook/cmake_prefix_path.dsv'
[4.484s] INFO:colcon.colcon_core.shell:Creating environment hook '/home/hqd/桌面/ws02_tools/install/cpp03_tf_broadcaster/share/cpp03_tf_broadcaster/hook/cmake_prefix_path.sh'
[4.485s] Level 1:colcon.colcon_core.environment:checking '/home/hqd/桌面/ws02_tools/install/cpp03_tf_broadcaster/lib'
[4.485s] Level 1:colcon.colcon_core.environment:checking '/home/hqd/桌面/ws02_tools/install/cpp03_tf_broadcaster/bin'
[4.485s] Level 1:colcon.colcon_core.environment:checking '/home/hqd/桌面/ws02_tools/install/cpp03_tf_broadcaster/lib/pkgconfig/cpp03_tf_broadcaster.pc'
[4.485s] Level 1:colcon.colcon_core.environment:checking '/home/hqd/桌面/ws02_tools/install/cpp03_tf_broadcaster/lib/python3.10/site-packages'
[4.485s] Level 1:colcon.colcon_core.environment:checking '/home/hqd/桌面/ws02_tools/install/cpp03_tf_broadcaster/bin'
[4.486s] INFO:colcon.colcon_core.shell:Creating package script '/home/hqd/桌面/ws02_tools/install/cpp03_tf_broadcaster/share/cpp03_tf_broadcaster/package.ps1'
[4.486s] INFO:colcon.colcon_core.shell:Creating package descriptor '/home/hqd/桌面/ws02_tools/install/cpp03_tf_broadcaster/share/cpp03_tf_broadcaster/package.dsv'
[4.487s] INFO:colcon.colcon_core.shell:Creating package script '/home/hqd/桌面/ws02_tools/install/cpp03_tf_broadcaster/share/cpp03_tf_broadcaster/package.sh'
[4.487s] INFO:colcon.colcon_core.shell:Creating package script '/home/hqd/桌面/ws02_tools/install/cpp03_tf_broadcaster/share/cpp03_tf_broadcaster/package.bash'
[4.488s] INFO:colcon.colcon_core.shell:Creating package script '/home/hqd/桌面/ws02_tools/install/cpp03_tf_broadcaster/share/cpp03_tf_broadcaster/package.zsh'
[4.488s] Level 1:colcon.colcon_core.environment:create_file_with_runtime_dependencies(/home/hqd/桌面/ws02_tools/install/cpp03_tf_broadcaster/share/colcon-core/packages/cpp03_tf_broadcaster)
[4.489s] Level 1:colcon.colcon_core.environment:create_environment_scripts_only(cpp03_tf_broadcaster)
[4.489s] Level 1:colcon.colcon_core.environment:checking '/home/hqd/桌面/ws02_tools/install/cpp03_tf_broadcaster' for CMake module files
[4.489s] Level 1:colcon.colcon_core.environment:checking '/home/hqd/桌面/ws02_tools/install/cpp03_tf_broadcaster' for CMake config files
[4.489s] Level 1:colcon.colcon_core.shell:create_environment_hook('cpp03_tf_broadcaster', 'cmake_prefix_path')
[4.490s] INFO:colcon.colcon_core.shell:Creating environment hook '/home/hqd/桌面/ws02_tools/install/cpp03_tf_broadcaster/share/cpp03_tf_broadcaster/hook/cmake_prefix_path.ps1'
[4.490s] INFO:colcon.colcon_core.shell:Creating environment descriptor '/home/hqd/桌面/ws02_tools/install/cpp03_tf_broadcaster/share/cpp03_tf_broadcaster/hook/cmake_prefix_path.dsv'
[4.490s] INFO:colcon.colcon_core.shell:Creating environment hook '/home/hqd/桌面/ws02_tools/install/cpp03_tf_broadcaster/share/cpp03_tf_broadcaster/hook/cmake_prefix_path.sh'
[4.491s] Level 1:colcon.colcon_core.environment:checking '/home/hqd/桌面/ws02_tools/install/cpp03_tf_broadcaster/lib'
[4.491s] Level 1:colcon.colcon_core.environment:checking '/home/hqd/桌面/ws02_tools/install/cpp03_tf_broadcaster/bin'
[4.491s] Level 1:colcon.colcon_core.environment:checking '/home/hqd/桌面/ws02_tools/install/cpp03_tf_broadcaster/lib/pkgconfig/cpp03_tf_broadcaster.pc'
[4.491s] Level 1:colcon.colcon_core.environment:checking '/home/hqd/桌面/ws02_tools/install/cpp03_tf_broadcaster/lib/python3.10/site-packages'
[4.491s] Level 1:colcon.colcon_core.environment:checking '/home/hqd/桌面/ws02_tools/install/cpp03_tf_broadcaster/bin'
[4.492s] INFO:colcon.colcon_core.shell:Creating package script '/home/hqd/桌面/ws02_tools/install/cpp03_tf_broadcaster/share/cpp03_tf_broadcaster/package.ps1'
[4.492s] INFO:colcon.colcon_core.shell:Creating package descriptor '/home/hqd/桌面/ws02_tools/install/cpp03_tf_broadcaster/share/cpp03_tf_broadcaster/package.dsv'
[4.493s] INFO:colcon.colcon_core.shell:Creating package script '/home/hqd/桌面/ws02_tools/install/cpp03_tf_broadcaster/share/cpp03_tf_broadcaster/package.sh'
[4.493s] INFO:colcon.colcon_core.shell:Creating package script '/home/hqd/桌面/ws02_tools/install/cpp03_tf_broadcaster/share/cpp03_tf_broadcaster/package.bash'
[4.494s] INFO:colcon.colcon_core.shell:Creating package script '/home/hqd/桌面/ws02_tools/install/cpp03_tf_broadcaster/share/cpp03_tf_broadcaster/package.zsh'
[4.494s] Level 1:colcon.colcon_core.environment:create_file_with_runtime_dependencies(/home/hqd/桌面/ws02_tools/install/cpp03_tf_broadcaster/share/colcon-core/packages/cpp03_tf_broadcaster)
[4.495s] DEBUG:colcon.colcon_parallel_executor.executor.parallel:closing loop
[4.495s] DEBUG:colcon.colcon_parallel_executor.executor.parallel:loop closed
[4.495s] DEBUG:colcon.colcon_parallel_executor.executor.parallel:run_until_complete finished with '0'
[4.495s] DEBUG:colcon.colcon_core.event_reactor:joining thread
[4.496s] DEBUG:colcon.colcon_core.event_reactor:joined thread
[4.497s] INFO:colcon.colcon_core.shell:Creating prefix script '/home/hqd/桌面/ws02_tools/install/local_setup.ps1'
[4.497s] INFO:colcon.colcon_core.shell:Creating prefix util module '/home/hqd/桌面/ws02_tools/install/_local_setup_util_ps1.py'
[4.498s] INFO:colcon.colcon_core.shell:Creating prefix chain script '/home/hqd/桌面/ws02_tools/install/setup.ps1'
[4.500s] INFO:colcon.colcon_core.shell:Creating prefix script '/home/hqd/桌面/ws02_tools/install/local_setup.sh'
[4.501s] INFO:colcon.colcon_core.shell:Creating prefix util module '/home/hqd/桌面/ws02_tools/install/_local_setup_util_sh.py'
[4.501s] INFO:colcon.colcon_core.shell:Creating prefix chain script '/home/hqd/桌面/ws02_tools/install/setup.sh'
[4.502s] INFO:colcon.colcon_core.shell:Creating prefix script '/home/hqd/桌面/ws02_tools/install/local_setup.bash'
[4.503s] INFO:colcon.colcon_core.shell:Creating prefix chain script '/home/hqd/桌面/ws02_tools/install/setup.bash'
[4.504s] INFO:colcon.colcon_core.shell:Creating prefix script '/home/hqd/桌面/ws02_tools/install/local_setup.zsh'
[4.504s] INFO:colcon.colcon_core.shell:Creating prefix chain script '/home/hqd/桌面/ws02_tools/install/setup.zsh'
