gmake[1]: Entering directory '/home/hqd/桌面/ws02_tools/build/cpp04_tf_listener'
gmake[2]: Entering directory '/home/hqd/桌面/ws02_tools/build/cpp04_tf_listener'
gmake[2]: Entering directory '/home/hqd/桌面/ws02_tools/build/cpp04_tf_listener'
[35m[1mScanning dependencies of target demo02_msg_filter[0m
gmake[2]: Leaving directory '/home/hqd/桌面/ws02_tools/build/cpp04_tf_listener'
[ 50%] Built target demo01_tf_listener
gmake[2]: Leaving directory '/home/hqd/桌面/ws02_tools/build/cpp04_tf_listener'
gmake[2]: Entering directory '/home/hqd/桌面/ws02_tools/build/cpp04_tf_listener'
[ 75%] [32mBuilding CXX object CMakeFiles/demo02_msg_filter.dir/src/demo02_msg_filter.cpp.o[0m
[100%] [32m[1mLinking CXX executable demo02_msg_filter[0m
gmake[2]: Leaving directory '/home/hqd/桌面/ws02_tools/build/cpp04_tf_listener'
[100%] Built target demo02_msg_filter
gmake[1]: Leaving directory '/home/hqd/桌面/ws02_tools/build/cpp04_tf_listener'
-- Install configuration: ""
-- Up-to-date: /home/hqd/桌面/ws02_tools/install/cpp04_tf_listener/lib/cpp04_tf_listener/demo01_tf_listener
-- Installing: /home/hqd/桌面/ws02_tools/install/cpp04_tf_listener/lib/cpp04_tf_listener/demo02_msg_filter
-- Set runtime path of "/home/hqd/桌面/ws02_tools/install/cpp04_tf_listener/lib/cpp04_tf_listener/demo02_msg_filter" to ""
-- Up-to-date: /home/hqd/桌面/ws02_tools/install/cpp04_tf_listener/share/ament_index/resource_index/package_run_dependencies/cpp04_tf_listener
-- Up-to-date: /home/hqd/桌面/ws02_tools/install/cpp04_tf_listener/share/ament_index/resource_index/parent_prefix_path/cpp04_tf_listener
-- Up-to-date: /home/hqd/桌面/ws02_tools/install/cpp04_tf_listener/share/cpp04_tf_listener/environment/ament_prefix_path.sh
-- Up-to-date: /home/hqd/桌面/ws02_tools/install/cpp04_tf_listener/share/cpp04_tf_listener/environment/ament_prefix_path.dsv
-- Up-to-date: /home/hqd/桌面/ws02_tools/install/cpp04_tf_listener/share/cpp04_tf_listener/environment/path.sh
-- Up-to-date: /home/hqd/桌面/ws02_tools/install/cpp04_tf_listener/share/cpp04_tf_listener/environment/path.dsv
-- Up-to-date: /home/hqd/桌面/ws02_tools/install/cpp04_tf_listener/share/cpp04_tf_listener/local_setup.bash
-- Up-to-date: /home/hqd/桌面/ws02_tools/install/cpp04_tf_listener/share/cpp04_tf_listener/local_setup.sh
-- Up-to-date: /home/hqd/桌面/ws02_tools/install/cpp04_tf_listener/share/cpp04_tf_listener/local_setup.zsh
-- Up-to-date: /home/hqd/桌面/ws02_tools/install/cpp04_tf_listener/share/cpp04_tf_listener/local_setup.dsv
-- Installing: /home/hqd/桌面/ws02_tools/install/cpp04_tf_listener/share/cpp04_tf_listener/package.dsv
-- Up-to-date: /home/hqd/桌面/ws02_tools/install/cpp04_tf_listener/share/ament_index/resource_index/packages/cpp04_tf_listener
-- Up-to-date: /home/hqd/桌面/ws02_tools/install/cpp04_tf_listener/share/cpp04_tf_listener/cmake/cpp04_tf_listenerConfig.cmake
-- Up-to-date: /home/hqd/桌面/ws02_tools/install/cpp04_tf_listener/share/cpp04_tf_listener/cmake/cpp04_tf_listenerConfig-version.cmake
-- Up-to-date: /home/hqd/桌面/ws02_tools/install/cpp04_tf_listener/share/cpp04_tf_listener/package.xml
