[0.025s] Invoking command in '/home/hqd/桌面/ws02_tools/build/cpp04_tf_listener': CMAKE_PREFIX_PATH=/opt/ros/humble /usr/bin/cmake --build /home/hqd/桌面/ws02_tools/build/cpp04_tf_listener -- -j2 -l2
[0.094s] gmake[1]: Entering directory '/home/hqd/桌面/ws02_tools/build/cpp04_tf_listener'
[0.101s] gmake[2]: Entering directory '/home/hqd/桌面/ws02_tools/build/cpp04_tf_listener'
[0.111s] gmake[2]: Entering directory '/home/hqd/桌面/ws02_tools/build/cpp04_tf_listener'
[0.145s] gmake[2]: Leaving directory '/home/hqd/桌面/ws02_tools/build/cpp04_tf_listener'
[0.171s] gmake[2]: Leaving directory '/home/hqd/桌面/ws02_tools/build/cpp04_tf_listener'
[0.246s] [ 50%] Built target demo02_msg_filter
[0.259s] [100%] Built target demo01_tf_listener
[0.260s] gmake[1]: Leaving directory '/home/hqd/桌面/ws02_tools/build/cpp04_tf_listener'
[0.288s] Invoked command in '/home/hqd/桌面/ws02_tools/build/cpp04_tf_listener' returned '0': CMAKE_PREFIX_PATH=/opt/ros/humble /usr/bin/cmake --build /home/hqd/桌面/ws02_tools/build/cpp04_tf_listener -- -j2 -l2
[0.304s] Invoking command in '/home/hqd/桌面/ws02_tools/build/cpp04_tf_listener': CMAKE_PREFIX_PATH=/opt/ros/humble /usr/bin/cmake --install /home/hqd/桌面/ws02_tools/build/cpp04_tf_listener
[0.325s] -- Install configuration: ""
[0.326s] -- Up-to-date: /home/hqd/桌面/ws02_tools/install/cpp04_tf_listener/lib/cpp04_tf_listener/demo01_tf_listener
[0.336s] -- Up-to-date: /home/hqd/桌面/ws02_tools/install/cpp04_tf_listener/lib/cpp04_tf_listener/demo02_msg_filter
[0.337s] -- Up-to-date: /home/hqd/桌面/ws02_tools/install/cpp04_tf_listener/share/ament_index/resource_index/package_run_dependencies/cpp04_tf_listener
[0.337s] -- Up-to-date: /home/hqd/桌面/ws02_tools/install/cpp04_tf_listener/share/ament_index/resource_index/parent_prefix_path/cpp04_tf_listener
[0.337s] -- Up-to-date: /home/hqd/桌面/ws02_tools/install/cpp04_tf_listener/share/cpp04_tf_listener/environment/ament_prefix_path.sh
[0.338s] -- Up-to-date: /home/hqd/桌面/ws02_tools/install/cpp04_tf_listener/share/cpp04_tf_listener/environment/ament_prefix_path.dsv
[0.338s] -- Up-to-date: /home/hqd/桌面/ws02_tools/install/cpp04_tf_listener/share/cpp04_tf_listener/environment/path.sh
[0.339s] -- Up-to-date: /home/hqd/桌面/ws02_tools/install/cpp04_tf_listener/share/cpp04_tf_listener/environment/path.dsv
[0.339s] -- Up-to-date: /home/hqd/桌面/ws02_tools/install/cpp04_tf_listener/share/cpp04_tf_listener/local_setup.bash
[0.340s] -- Up-to-date: /home/hqd/桌面/ws02_tools/install/cpp04_tf_listener/share/cpp04_tf_listener/local_setup.sh
[0.340s] -- Up-to-date: /home/hqd/桌面/ws02_tools/install/cpp04_tf_listener/share/cpp04_tf_listener/local_setup.zsh
[0.341s] -- Up-to-date: /home/hqd/桌面/ws02_tools/install/cpp04_tf_listener/share/cpp04_tf_listener/local_setup.dsv
[0.341s] -- Installing: /home/hqd/桌面/ws02_tools/install/cpp04_tf_listener/share/cpp04_tf_listener/package.dsv
[0.346s] -- Up-to-date: /home/hqd/桌面/ws02_tools/install/cpp04_tf_listener/share/ament_index/resource_index/packages/cpp04_tf_listener
[0.346s] -- Up-to-date: /home/hqd/桌面/ws02_tools/install/cpp04_tf_listener/share/cpp04_tf_listener/cmake/cpp04_tf_listenerConfig.cmake
[0.346s] -- Up-to-date: /home/hqd/桌面/ws02_tools/install/cpp04_tf_listener/share/cpp04_tf_listener/cmake/cpp04_tf_listenerConfig-version.cmake
[0.347s] -- Up-to-date: /home/hqd/桌面/ws02_tools/install/cpp04_tf_listener/share/cpp04_tf_listener/package.xml
[0.354s] Invoked command in '/home/hqd/桌面/ws02_tools/build/cpp04_tf_listener' returned '0': CMAKE_PREFIX_PATH=/opt/ros/humble /usr/bin/cmake --install /home/hqd/桌面/ws02_tools/build/cpp04_tf_listener
