[0.009s] Invoking command in '/home/hqd/桌面/ws02_tools/build/cpp05_exercise': CMAKE_PREFIX_PATH=${CMAKE_PREFIX_PATH}:/opt/ros/humble /usr/bin/cmake --build /home/hqd/桌面/ws02_tools/build/cpp05_exercise -- -j2 -l2
[0.084s] -- Found ament_cmake: 1.3.14 (/opt/ros/humble/share/ament_cmake/cmake)
[0.420s] -- Found rclcpp: 16.0.19 (/opt/ros/humble/share/rclcpp/cmake)
[0.522s] -- Found rosidl_generator_c: 3.1.9 (/opt/ros/humble/share/rosidl_generator_c/cmake)
[0.532s] -- Found rosidl_adapter: 3.1.9 (/opt/ros/humble/share/rosidl_adapter/cmake)
[0.556s] -- Found rosidl_generator_cpp: 3.1.9 (/opt/ros/humble/share/rosidl_generator_cpp/cmake)
[0.590s] -- Using all available rosidl_typesupport_c: rosidl_typesupport_fastrtps_c;rosidl_typesupport_introspection_c
[0.632s] -- Using all available rosidl_typesupport_cpp: rosidl_typesupport_fastrtps_cpp;rosidl_typesupport_introspection_cpp
[0.744s] -- Found rmw_implementation_cmake: 6.1.3 (/opt/ros/humble/share/rmw_implementation_cmake/cmake)
[0.750s] -- Found rmw_fastrtps_cpp: 6.2.10 (/opt/ros/humble/share/rmw_fastrtps_cpp/cmake)
[0.957s] -- Using RMW implementation 'rmw_fastrtps_cpp' as default
[1.107s] -- Found tf2: 0.25.22 (/opt/ros/humble/share/tf2/cmake)
[1.167s] -- Found tf2_ros: 0.25.22 (/opt/ros/humble/share/tf2_ros/cmake)
[1.383s] -- Found turtlesim: 1.4.3 (/opt/ros/humble/share/turtlesim/cmake)
[1.431s] -- Found ament_lint_auto: 0.12.15 (/opt/ros/humble/share/ament_lint_auto/cmake)
[1.595s] -- Added test 'cppcheck' to perform static code analysis on C / C++ code
[1.595s] -- Configured cppcheck include dirs: $<BUILD_INTERFACE:/home/hqd/桌面/ws02_tools/src/cpp05_exercise/include>
[1.595s] -- Configured cppcheck exclude dirs and/or files: 
[1.597s] -- Added test 'flake8' to check Python code syntax and style conventions
[1.598s] -- Added test 'lint_cmake' to check CMake code style
[1.600s] -- Added test 'pep257' to check Python code against some of the docstring style conventions in PEP 257
[1.603s] -- Added test 'uncrustify' to check C / C++ code style
[1.603s] -- Configured uncrustify additional arguments: 
[1.604s] -- Added test 'xmllint' to check XML markup files
[1.613s] -- Configuring done
[1.640s] -- Generating done
[1.649s] -- Build files have been written to: /home/hqd/桌面/ws02_tools/build/cpp05_exercise
[1.669s] gmake[1]: Entering directory '/home/hqd/桌面/ws02_tools/build/cpp05_exercise'
[1.672s] gmake[2]: Entering directory '/home/hqd/桌面/ws02_tools/build/cpp05_exercise'
[1.692s] gmake[2]: Leaving directory '/home/hqd/桌面/ws02_tools/build/cpp05_exercise'
[1.723s] [100%] Built target exer01_tf_spawn
[1.724s] gmake[1]: Leaving directory '/home/hqd/桌面/ws02_tools/build/cpp05_exercise'
[1.741s] Invoked command in '/home/hqd/桌面/ws02_tools/build/cpp05_exercise' returned '0': CMAKE_PREFIX_PATH=${CMAKE_PREFIX_PATH}:/opt/ros/humble /usr/bin/cmake --build /home/hqd/桌面/ws02_tools/build/cpp05_exercise -- -j2 -l2
[1.757s] Invoking command in '/home/hqd/桌面/ws02_tools/build/cpp05_exercise': CMAKE_PREFIX_PATH=${CMAKE_PREFIX_PATH}:/opt/ros/humble /usr/bin/cmake --install /home/hqd/桌面/ws02_tools/build/cpp05_exercise
[1.769s] -- Install configuration: ""
[1.769s] -- Up-to-date: /home/hqd/桌面/ws02_tools/install/cpp05_exercise/lib/cpp05_exercise/exer01_tf_spawn
[1.770s] -- Installing: /home/hqd/桌面/ws02_tools/install/cpp05_exercise/share/cpp05_exercise//launch
[1.770s] -- Installing: /home/hqd/桌面/ws02_tools/install/cpp05_exercise/share/cpp05_exercise//launch/follow.launch.py
[1.771s] -- Up-to-date: /home/hqd/桌面/ws02_tools/install/cpp05_exercise/share/ament_index/resource_index/package_run_dependencies/cpp05_exercise
[1.771s] -- Up-to-date: /home/hqd/桌面/ws02_tools/install/cpp05_exercise/share/ament_index/resource_index/parent_prefix_path/cpp05_exercise
[1.771s] -- Up-to-date: /home/hqd/桌面/ws02_tools/install/cpp05_exercise/share/cpp05_exercise/environment/ament_prefix_path.sh
[1.771s] -- Installing: /home/hqd/桌面/ws02_tools/install/cpp05_exercise/share/cpp05_exercise/environment/ament_prefix_path.dsv
[1.772s] -- Up-to-date: /home/hqd/桌面/ws02_tools/install/cpp05_exercise/share/cpp05_exercise/environment/path.sh
[1.772s] -- Installing: /home/hqd/桌面/ws02_tools/install/cpp05_exercise/share/cpp05_exercise/environment/path.dsv
[1.772s] -- Up-to-date: /home/hqd/桌面/ws02_tools/install/cpp05_exercise/share/cpp05_exercise/local_setup.bash
[1.773s] -- Up-to-date: /home/hqd/桌面/ws02_tools/install/cpp05_exercise/share/cpp05_exercise/local_setup.sh
[1.773s] -- Up-to-date: /home/hqd/桌面/ws02_tools/install/cpp05_exercise/share/cpp05_exercise/local_setup.zsh
[1.773s] -- Installing: /home/hqd/桌面/ws02_tools/install/cpp05_exercise/share/cpp05_exercise/local_setup.dsv
[1.773s] -- Installing: /home/hqd/桌面/ws02_tools/install/cpp05_exercise/share/cpp05_exercise/package.dsv
[1.773s] -- Up-to-date: /home/hqd/桌面/ws02_tools/install/cpp05_exercise/share/ament_index/resource_index/packages/cpp05_exercise
[1.774s] -- Up-to-date: /home/hqd/桌面/ws02_tools/install/cpp05_exercise/share/cpp05_exercise/cmake/cpp05_exerciseConfig.cmake
[1.774s] -- Up-to-date: /home/hqd/桌面/ws02_tools/install/cpp05_exercise/share/cpp05_exercise/cmake/cpp05_exerciseConfig-version.cmake
[1.774s] -- Up-to-date: /home/hqd/桌面/ws02_tools/install/cpp05_exercise/share/cpp05_exercise/package.xml
[1.775s] Invoked command in '/home/hqd/桌面/ws02_tools/build/cpp05_exercise' returned '0': CMAKE_PREFIX_PATH=${CMAKE_PREFIX_PATH}:/opt/ros/humble /usr/bin/cmake --install /home/hqd/桌面/ws02_tools/build/cpp05_exercise
