[0.042s] Invoking command in '/home/hqd/桌面/ws02_tools/build/cpp04_tf_listener': CMAKE_PREFIX_PATH=/opt/ros/humble CONDA_PROMPT_MODIFIER=(base) /usr/bin/cmake --build /home/hqd/桌面/ws02_tools/build/cpp04_tf_listener -- -j2 -l2
[0.278s] -- Found ament_cmake: 1.3.14 (/opt/ros/humble/share/ament_cmake/cmake)
[0.818s] -- Found rclcpp: 16.0.19 (/opt/ros/humble/share/rclcpp/cmake)
[0.943s] -- Found rosidl_generator_c: 3.1.9 (/opt/ros/humble/share/rosidl_generator_c/cmake)
[0.970s] -- Found rosidl_adapter: 3.1.9 (/opt/ros/humble/share/rosidl_adapter/cmake)
[1.019s] -- Found rosidl_generator_cpp: 3.1.9 (/opt/ros/humble/share/rosidl_generator_cpp/cmake)
[1.084s] -- Using all available rosidl_typesupport_c: rosidl_typesupport_fastrtps_c;rosidl_typesupport_introspection_c
[1.166s] -- Using all available rosidl_typesupport_cpp: rosidl_typesupport_fastrtps_cpp;rosidl_typesupport_introspection_cpp
[1.366s] -- Found rmw_implementation_cmake: 6.1.3 (/opt/ros/humble/share/rmw_implementation_cmake/cmake)
[1.375s] -- Found rmw_fastrtps_cpp: 6.2.10 (/opt/ros/humble/share/rmw_fastrtps_cpp/cmake)
[1.645s] -- Using RMW implementation 'rmw_fastrtps_cpp' as default
[1.933s] -- Found tf2: 0.25.22 (/opt/ros/humble/share/tf2/cmake)
[2.018s] -- Found tf2_ros: 0.25.22 (/opt/ros/humble/share/tf2_ros/cmake)
[2.354s] -- Found tf2_geometry_msgs: 0.25.22 (/opt/ros/humble/share/tf2_geometry_msgs/cmake)
[2.389s] -- Found eigen3_cmake_module: 0.1.1 (/opt/ros/humble/share/eigen3_cmake_module/cmake)
[2.392s] -- Found Eigen3: TRUE (found version "3.4.0") 
[2.392s] -- Ensuring Eigen3 include directory is part of orocos-kdl CMake target
[2.411s] -- Found ament_lint_auto: 0.12.15 (/opt/ros/humble/share/ament_lint_auto/cmake)
[2.650s] -- Added test 'cppcheck' to perform static code analysis on C / C++ code
[2.650s] -- Configured cppcheck include dirs: $<BUILD_INTERFACE:/home/hqd/桌面/ws02_tools/src/cpp04_tf_listener/include>
[2.650s] -- Configured cppcheck exclude dirs and/or files: 
[2.656s] -- Added test 'lint_cmake' to check CMake code style
[2.661s] -- Added test 'uncrustify' to check C / C++ code style
[2.661s] -- Configured uncrustify additional arguments: 
[2.664s] -- Added test 'xmllint' to check XML markup files
[2.670s] -- Configuring done
[2.713s] -- Generating done
[2.728s] -- Build files have been written to: /home/hqd/桌面/ws02_tools/build/cpp04_tf_listener
[2.778s] gmake[1]: Entering directory '/home/hqd/桌面/ws02_tools/build/cpp04_tf_listener'
[2.787s] gmake[2]: Entering directory '/home/hqd/桌面/ws02_tools/build/cpp04_tf_listener'
[2.790s] gmake[2]: Entering directory '/home/hqd/桌面/ws02_tools/build/cpp04_tf_listener'
[2.820s] [35m[1mScanning dependencies of target demo02_msg_filter[0m
[2.822s] [35m[1mScanning dependencies of target demo01_tf_listener[0m
[2.899s] gmake[2]: Leaving directory '/home/hqd/桌面/ws02_tools/build/cpp04_tf_listener'
[2.924s] gmake[2]: Entering directory '/home/hqd/桌面/ws02_tools/build/cpp04_tf_listener'
[2.946s] [ 25%] [32mBuilding CXX object CMakeFiles/demo01_tf_listener.dir/src/demo01_tf_listener.cpp.o[0m
[3.027s] gmake[2]: Leaving directory '/home/hqd/桌面/ws02_tools/build/cpp04_tf_listener'
[3.042s] gmake[2]: Entering directory '/home/hqd/桌面/ws02_tools/build/cpp04_tf_listener'
[3.094s] [ 50%] [32mBuilding CXX object CMakeFiles/demo02_msg_filter.dir/src/demo02_msg_filter.cpp.o[0m
[10.015s] [ 75%] [32m[1mLinking CXX executable demo02_msg_filter[0m
[10.238s] gmake[2]: Leaving directory '/home/hqd/桌面/ws02_tools/build/cpp04_tf_listener'
[10.250s] [ 75%] Built target demo02_msg_filter
[14.592s] [100%] [32m[1mLinking CXX executable demo01_tf_listener[0m
[14.930s] gmake[2]: Leaving directory '/home/hqd/桌面/ws02_tools/build/cpp04_tf_listener'
[14.937s] [100%] Built target demo01_tf_listener
[14.938s] gmake[1]: Leaving directory '/home/hqd/桌面/ws02_tools/build/cpp04_tf_listener'
[14.958s] Invoked command in '/home/hqd/桌面/ws02_tools/build/cpp04_tf_listener' returned '0': CMAKE_PREFIX_PATH=/opt/ros/humble CONDA_PROMPT_MODIFIER=(base) /usr/bin/cmake --build /home/hqd/桌面/ws02_tools/build/cpp04_tf_listener -- -j2 -l2
[14.966s] Invoking command in '/home/hqd/桌面/ws02_tools/build/cpp04_tf_listener': CMAKE_PREFIX_PATH=/opt/ros/humble CONDA_PROMPT_MODIFIER=(base) /usr/bin/cmake --install /home/hqd/桌面/ws02_tools/build/cpp04_tf_listener
[14.974s] -- Install configuration: ""
[14.980s] -- Installing: /home/hqd/桌面/ws02_tools/install/cpp04_tf_listener/lib/cpp04_tf_listener/demo01_tf_listener
[14.986s] -- Set runtime path of "/home/hqd/桌面/ws02_tools/install/cpp04_tf_listener/lib/cpp04_tf_listener/demo01_tf_listener" to ""
[14.986s] -- Installing: /home/hqd/桌面/ws02_tools/install/cpp04_tf_listener/lib/cpp04_tf_listener/demo02_msg_filter
[14.987s] -- Set runtime path of "/home/hqd/桌面/ws02_tools/install/cpp04_tf_listener/lib/cpp04_tf_listener/demo02_msg_filter" to ""
[14.987s] -- Installing: /home/hqd/桌面/ws02_tools/install/cpp04_tf_listener/share/ament_index/resource_index/package_run_dependencies/cpp04_tf_listener
[14.988s] -- Up-to-date: /home/hqd/桌面/ws02_tools/install/cpp04_tf_listener/share/ament_index/resource_index/parent_prefix_path/cpp04_tf_listener
[14.988s] -- Up-to-date: /home/hqd/桌面/ws02_tools/install/cpp04_tf_listener/share/cpp04_tf_listener/environment/ament_prefix_path.sh
[14.988s] -- Installing: /home/hqd/桌面/ws02_tools/install/cpp04_tf_listener/share/cpp04_tf_listener/environment/ament_prefix_path.dsv
[14.989s] -- Up-to-date: /home/hqd/桌面/ws02_tools/install/cpp04_tf_listener/share/cpp04_tf_listener/environment/path.sh
[14.989s] -- Installing: /home/hqd/桌面/ws02_tools/install/cpp04_tf_listener/share/cpp04_tf_listener/environment/path.dsv
[14.990s] -- Up-to-date: /home/hqd/桌面/ws02_tools/install/cpp04_tf_listener/share/cpp04_tf_listener/local_setup.bash
[14.990s] -- Up-to-date: /home/hqd/桌面/ws02_tools/install/cpp04_tf_listener/share/cpp04_tf_listener/local_setup.sh
[14.990s] -- Up-to-date: /home/hqd/桌面/ws02_tools/install/cpp04_tf_listener/share/cpp04_tf_listener/local_setup.zsh
[14.990s] -- Installing: /home/hqd/桌面/ws02_tools/install/cpp04_tf_listener/share/cpp04_tf_listener/local_setup.dsv
[14.991s] -- Installing: /home/hqd/桌面/ws02_tools/install/cpp04_tf_listener/share/cpp04_tf_listener/package.dsv
[14.991s] -- Up-to-date: /home/hqd/桌面/ws02_tools/install/cpp04_tf_listener/share/ament_index/resource_index/packages/cpp04_tf_listener
[14.991s] -- Up-to-date: /home/hqd/桌面/ws02_tools/install/cpp04_tf_listener/share/cpp04_tf_listener/cmake/cpp04_tf_listenerConfig.cmake
[14.991s] -- Up-to-date: /home/hqd/桌面/ws02_tools/install/cpp04_tf_listener/share/cpp04_tf_listener/cmake/cpp04_tf_listenerConfig-version.cmake
[14.992s] -- Installing: /home/hqd/桌面/ws02_tools/install/cpp04_tf_listener/share/cpp04_tf_listener/package.xml
[14.994s] Invoked command in '/home/hqd/桌面/ws02_tools/build/cpp04_tf_listener' returned '0': CMAKE_PREFIX_PATH=/opt/ros/humble CONDA_PROMPT_MODIFIER=(base) /usr/bin/cmake --install /home/hqd/桌面/ws02_tools/build/cpp04_tf_listener
