-- Found ament_cmake: 1.3.14 (/opt/ros/humble/share/ament_cmake/cmake)
-- Found rclcpp: 16.0.19 (/opt/ros/humble/share/rclcpp/cmake)
-- Found rosidl_generator_c: 3.1.9 (/opt/ros/humble/share/rosidl_generator_c/cmake)
-- Found rosidl_adapter: 3.1.9 (/opt/ros/humble/share/rosidl_adapter/cmake)
-- Found rosidl_generator_cpp: 3.1.9 (/opt/ros/humble/share/rosidl_generator_cpp/cmake)
-- Using all available rosidl_typesupport_c: rosidl_typesupport_fastrtps_c;rosidl_typesupport_introspection_c
-- Using all available rosidl_typesupport_cpp: rosidl_typesupport_fastrtps_cpp;rosidl_typesupport_introspection_cpp
-- Found rmw_implementation_cmake: 6.1.3 (/opt/ros/humble/share/rmw_implementation_cmake/cmake)
-- Found rmw_fastrtps_cpp: 6.2.10 (/opt/ros/humble/share/rmw_fastrtps_cpp/cmake)
-- Using RMW implementation 'rmw_fastrtps_cpp' as default
-- Found tf2: 0.25.22 (/opt/ros/humble/share/tf2/cmake)
-- Found tf2_ros: 0.25.22 (/opt/ros/humble/share/tf2_ros/cmake)
-- Found ament_lint_auto: 0.12.15 (/opt/ros/humble/share/ament_lint_auto/cmake)
-- Added test 'cppcheck' to perform static code analysis on C / C++ code
-- Configured cppcheck include dirs: $<BUILD_INTERFACE:/home/hqd/桌面/ws02_tools/src/cpp05_exercise/include>
-- Configured cppcheck exclude dirs and/or files: 
-- Added test 'lint_cmake' to check CMake code style
-- Added test 'uncrustify' to check C / C++ code style
-- Configured uncrustify additional arguments: 
-- Added test 'xmllint' to check XML markup files
-- Configuring done
-- Generating done
-- Build files have been written to: /home/hqd/桌面/ws02_tools/build/cpp05_exercise
gmake[1]: Entering directory '/home/hqd/桌面/ws02_tools/build/cpp05_exercise'
gmake[2]: Entering directory '/home/hqd/桌面/ws02_tools/build/cpp05_exercise'
[35m[1mScanning dependencies of target exer01_tf_spawn[0m
gmake[2]: Leaving directory '/home/hqd/桌面/ws02_tools/build/cpp05_exercise'
gmake[2]: Entering directory '/home/hqd/桌面/ws02_tools/build/cpp05_exercise'
[ 50%] [32mBuilding CXX object CMakeFiles/exer01_tf_spawn.dir/src/exer01_tf_spawn.cpp.o[0m
[01m[K/home/hqd/桌面/ws02_tools/src/cpp05_exercise/src/exer01_tf_spawn.cpp:18:10:[m[K [01;31m[Kfatal error: [m[Kturtlesim/srv/spawn.hpp: No such file or directory
   18 | #include [01;31m[K"turtlesim/srv/spawn.hpp"[m[K
      |          [01;31m[K^~~~~~~~~~~~~~~~~~~~~~~~~[m[K
compilation terminated.
gmake[2]: *** [CMakeFiles/exer01_tf_spawn.dir/build.make:63: CMakeFiles/exer01_tf_spawn.dir/src/exer01_tf_spawn.cpp.o] Error 1
gmake[2]: Leaving directory '/home/hqd/桌面/ws02_tools/build/cpp05_exercise'
gmake[1]: Leaving directory '/home/hqd/桌面/ws02_tools/build/cpp05_exercise'
gmake[1]: *** [CMakeFiles/Makefile2:78: CMakeFiles/exer01_tf_spawn.dir/all] Error 2
gmake: *** [Makefile:141: all] Error 2
