[0.044s] Invoking command in '/home/hqd/桌面/ws02_tools/build/cpp05_exercise': CMAKE_PREFIX_PATH=${CMAKE_PREFIX_PATH}:/opt/ros/humble /usr/bin/cmake /home/hqd/桌面/ws02_tools/src/cpp05_exercise -DCMAKE_INSTALL_PREFIX=/home/hqd/桌面/ws02_tools/install/cpp05_exercise
[0.656s] -- The C compiler identification is GNU 11.4.0
[1.120s] -- The CXX compiler identification is GNU 11.4.0
[1.139s] -- Check for working C compiler: /usr/bin/cc
[1.521s] -- Check for working C compiler: /usr/bin/cc -- works
[1.523s] -- Detecting C compiler ABI info
[1.981s] -- Detecting C compiler ABI info - done
[2.003s] -- Detecting C compile features
[2.007s] -- Detecting C compile features - done
[2.014s] -- Check for working CXX compiler: /usr/bin/c++
[2.501s] -- Check for working CXX compiler: /usr/bin/c++ -- works
[2.501s] -- Detecting CXX compiler ABI info
[2.905s] -- Detecting CXX compiler ABI info - done
[2.968s] -- Detecting CXX compile features
[2.969s] -- Detecting CXX compile features - done
[3.024s] -- Found ament_cmake: 1.3.14 (/opt/ros/humble/share/ament_cmake/cmake)
[3.283s] -- Found Python3: /usr/bin/python3 (found version "3.10.12") found components: Interpreter 
[3.733s] -- Found rclcpp: 16.0.19 (/opt/ros/humble/share/rclcpp/cmake)
[3.958s] -- Found rosidl_generator_c: 3.1.9 (/opt/ros/humble/share/rosidl_generator_c/cmake)
[3.970s] -- Found rosidl_adapter: 3.1.9 (/opt/ros/humble/share/rosidl_adapter/cmake)
[3.992s] -- Found rosidl_generator_cpp: 3.1.9 (/opt/ros/humble/share/rosidl_generator_cpp/cmake)
[4.023s] -- Using all available rosidl_typesupport_c: rosidl_typesupport_fastrtps_c;rosidl_typesupport_introspection_c
[4.061s] -- Using all available rosidl_typesupport_cpp: rosidl_typesupport_fastrtps_cpp;rosidl_typesupport_introspection_cpp
[4.177s] -- Found rmw_implementation_cmake: 6.1.3 (/opt/ros/humble/share/rmw_implementation_cmake/cmake)
[4.181s] -- Found rmw_fastrtps_cpp: 6.2.10 (/opt/ros/humble/share/rmw_fastrtps_cpp/cmake)
[4.615s] -- Found OpenSSL: /usr/lib/x86_64-linux-gnu/libcrypto.so   
[4.657s] -- Found FastRTPS: /opt/ros/humble/include  
[4.744s] -- Using RMW implementation 'rmw_fastrtps_cpp' as default
[4.785s] -- Looking for pthread.h
[5.043s] -- Looking for pthread.h - found
[5.043s] -- Performing Test CMAKE_HAVE_LIBC_PTHREAD
[5.385s] -- Performing Test CMAKE_HAVE_LIBC_PTHREAD - Success
[5.386s] -- Found Threads: TRUE  
[5.565s] -- Found tf2: 0.25.22 (/opt/ros/humble/share/tf2/cmake)
[5.619s] -- Found tf2_ros: 0.25.22 (/opt/ros/humble/share/tf2_ros/cmake)
[5.887s] -- Found turtlesim: 1.4.3 (/opt/ros/humble/share/turtlesim/cmake)
[5.945s] -- Found ament_lint_auto: 0.12.15 (/opt/ros/humble/share/ament_lint_auto/cmake)
[6.151s] -- Added test 'cppcheck' to perform static code analysis on C / C++ code
[6.151s] -- Configured cppcheck include dirs: 
[6.151s] -- Configured cppcheck exclude dirs and/or files: 
[6.155s] -- Added test 'lint_cmake' to check CMake code style
[6.156s] -- Added test 'uncrustify' to check C / C++ code style
[6.157s] -- Configured uncrustify additional arguments: 
[6.158s] -- Added test 'xmllint' to check XML markup files
[6.164s] -- Configuring done
[6.175s] -- Generating done
[6.180s] -- Build files have been written to: /home/hqd/桌面/ws02_tools/build/cpp05_exercise
[6.188s] Invoked command in '/home/hqd/桌面/ws02_tools/build/cpp05_exercise' returned '0': CMAKE_PREFIX_PATH=${CMAKE_PREFIX_PATH}:/opt/ros/humble /usr/bin/cmake /home/hqd/桌面/ws02_tools/src/cpp05_exercise -DCMAKE_INSTALL_PREFIX=/home/hqd/桌面/ws02_tools/install/cpp05_exercise
[6.190s] Invoking command in '/home/hqd/桌面/ws02_tools/build/cpp05_exercise': CMAKE_PREFIX_PATH=${CMAKE_PREFIX_PATH}:/opt/ros/humble /usr/bin/cmake --build /home/hqd/桌面/ws02_tools/build/cpp05_exercise -- -j2 -l2
[6.239s] Invoked command in '/home/hqd/桌面/ws02_tools/build/cpp05_exercise' returned '0': CMAKE_PREFIX_PATH=${CMAKE_PREFIX_PATH}:/opt/ros/humble /usr/bin/cmake --build /home/hqd/桌面/ws02_tools/build/cpp05_exercise -- -j2 -l2
[6.250s] Invoking command in '/home/hqd/桌面/ws02_tools/build/cpp05_exercise': CMAKE_PREFIX_PATH=${CMAKE_PREFIX_PATH}:/opt/ros/humble /usr/bin/cmake --install /home/hqd/桌面/ws02_tools/build/cpp05_exercise
[6.259s] -- Install configuration: ""
[6.260s] -- Installing: /home/hqd/桌面/ws02_tools/install/cpp05_exercise/share/ament_index/resource_index/package_run_dependencies/cpp05_exercise
[6.260s] -- Installing: /home/hqd/桌面/ws02_tools/install/cpp05_exercise/share/ament_index/resource_index/parent_prefix_path/cpp05_exercise
[6.261s] -- Installing: /home/hqd/桌面/ws02_tools/install/cpp05_exercise/share/cpp05_exercise/environment/ament_prefix_path.sh
[6.261s] -- Installing: /home/hqd/桌面/ws02_tools/install/cpp05_exercise/share/cpp05_exercise/environment/ament_prefix_path.dsv
[6.262s] -- Installing: /home/hqd/桌面/ws02_tools/install/cpp05_exercise/share/cpp05_exercise/environment/path.sh
[6.262s] -- Installing: /home/hqd/桌面/ws02_tools/install/cpp05_exercise/share/cpp05_exercise/environment/path.dsv
[6.263s] -- Installing: /home/hqd/桌面/ws02_tools/install/cpp05_exercise/share/cpp05_exercise/local_setup.bash
[6.263s] -- Installing: /home/hqd/桌面/ws02_tools/install/cpp05_exercise/share/cpp05_exercise/local_setup.sh
[6.263s] -- Installing: /home/hqd/桌面/ws02_tools/install/cpp05_exercise/share/cpp05_exercise/local_setup.zsh
[6.264s] -- Installing: /home/hqd/桌面/ws02_tools/install/cpp05_exercise/share/cpp05_exercise/local_setup.dsv
[6.264s] -- Installing: /home/hqd/桌面/ws02_tools/install/cpp05_exercise/share/cpp05_exercise/package.dsv
[6.265s] -- Installing: /home/hqd/桌面/ws02_tools/install/cpp05_exercise/share/ament_index/resource_index/packages/cpp05_exercise
[6.265s] -- Installing: /home/hqd/桌面/ws02_tools/install/cpp05_exercise/share/cpp05_exercise/cmake/cpp05_exerciseConfig.cmake
[6.265s] -- Installing: /home/hqd/桌面/ws02_tools/install/cpp05_exercise/share/cpp05_exercise/cmake/cpp05_exerciseConfig-version.cmake
[6.266s] -- Installing: /home/hqd/桌面/ws02_tools/install/cpp05_exercise/share/cpp05_exercise/package.xml
[6.268s] Invoked command in '/home/hqd/桌面/ws02_tools/build/cpp05_exercise' returned '0': CMAKE_PREFIX_PATH=${CMAKE_PREFIX_PATH}:/opt/ros/humble /usr/bin/cmake --install /home/hqd/桌面/ws02_tools/build/cpp05_exercise
