[0.028s] Invoking command in '/home/hqd/桌面/ws02_tools/build/cpp03_tf_broadcaster': CMAKE_PREFIX_PATH=/opt/ros/humble /usr/bin/cmake --build /home/hqd/桌面/ws02_tools/build/cpp03_tf_broadcaster -- -j2 -l2
[0.067s] gmake[1]: Entering directory '/home/hqd/桌面/ws02_tools/build/cpp03_tf_broadcaster'
[0.070s] gmake[2]: Entering directory '/home/hqd/桌面/ws02_tools/build/cpp03_tf_broadcaster'
[0.080s] [35m[1mScanning dependencies of target demo01_static_tf_broadcaster[0m
[0.143s] gmake[2]: Leaving directory '/home/hqd/桌面/ws02_tools/build/cpp03_tf_broadcaster'
[0.149s] gmake[2]: Entering directory '/home/hqd/桌面/ws02_tools/build/cpp03_tf_broadcaster'
[0.159s] [ 50%] [32mBuilding CXX object CMakeFiles/demo01_static_tf_broadcaster.dir/src/demo01_static_tf_broadcaster.cpp.o[0m
[3.688s] [100%] [32m[1mLinking CXX executable demo01_static_tf_broadcaster[0m
[3.917s] gmake[2]: Leaving directory '/home/hqd/桌面/ws02_tools/build/cpp03_tf_broadcaster'
[3.925s] [100%] Built target demo01_static_tf_broadcaster
[3.926s] gmake[1]: Leaving directory '/home/hqd/桌面/ws02_tools/build/cpp03_tf_broadcaster'
[3.936s] Invoked command in '/home/hqd/桌面/ws02_tools/build/cpp03_tf_broadcaster' returned '0': CMAKE_PREFIX_PATH=/opt/ros/humble /usr/bin/cmake --build /home/hqd/桌面/ws02_tools/build/cpp03_tf_broadcaster -- -j2 -l2
[3.945s] Invoking command in '/home/hqd/桌面/ws02_tools/build/cpp03_tf_broadcaster': CMAKE_PREFIX_PATH=/opt/ros/humble /usr/bin/cmake --install /home/hqd/桌面/ws02_tools/build/cpp03_tf_broadcaster
[3.950s] -- Install configuration: ""
[3.951s] -- Installing: /home/hqd/桌面/ws02_tools/install/cpp03_tf_broadcaster/lib/cpp03_tf_broadcaster/demo01_static_tf_broadcaster
[3.952s] -- Set runtime path of "/home/hqd/桌面/ws02_tools/install/cpp03_tf_broadcaster/lib/cpp03_tf_broadcaster/demo01_static_tf_broadcaster" to ""
[3.952s] -- Up-to-date: /home/hqd/桌面/ws02_tools/install/cpp03_tf_broadcaster/share/ament_index/resource_index/package_run_dependencies/cpp03_tf_broadcaster
[3.952s] -- Up-to-date: /home/hqd/桌面/ws02_tools/install/cpp03_tf_broadcaster/share/ament_index/resource_index/parent_prefix_path/cpp03_tf_broadcaster
[3.952s] -- Up-to-date: /home/hqd/桌面/ws02_tools/install/cpp03_tf_broadcaster/share/cpp03_tf_broadcaster/environment/ament_prefix_path.sh
[3.953s] -- Up-to-date: /home/hqd/桌面/ws02_tools/install/cpp03_tf_broadcaster/share/cpp03_tf_broadcaster/environment/ament_prefix_path.dsv
[3.953s] -- Up-to-date: /home/hqd/桌面/ws02_tools/install/cpp03_tf_broadcaster/share/cpp03_tf_broadcaster/environment/path.sh
[3.953s] -- Up-to-date: /home/hqd/桌面/ws02_tools/install/cpp03_tf_broadcaster/share/cpp03_tf_broadcaster/environment/path.dsv
[3.953s] -- Up-to-date: /home/hqd/桌面/ws02_tools/install/cpp03_tf_broadcaster/share/cpp03_tf_broadcaster/local_setup.bash
[3.953s] -- Up-to-date: /home/hqd/桌面/ws02_tools/install/cpp03_tf_broadcaster/share/cpp03_tf_broadcaster/local_setup.sh
[3.953s] -- Up-to-date: /home/hqd/桌面/ws02_tools/install/cpp03_tf_broadcaster/share/cpp03_tf_broadcaster/local_setup.zsh
[3.953s] -- Up-to-date: /home/hqd/桌面/ws02_tools/install/cpp03_tf_broadcaster/share/cpp03_tf_broadcaster/local_setup.dsv
[3.953s] -- Installing: /home/hqd/桌面/ws02_tools/install/cpp03_tf_broadcaster/share/cpp03_tf_broadcaster/package.dsv
[3.953s] -- Up-to-date: /home/hqd/桌面/ws02_tools/install/cpp03_tf_broadcaster/share/ament_index/resource_index/packages/cpp03_tf_broadcaster
[3.953s] -- Up-to-date: /home/hqd/桌面/ws02_tools/install/cpp03_tf_broadcaster/share/cpp03_tf_broadcaster/cmake/cpp03_tf_broadcasterConfig.cmake
[3.953s] -- Up-to-date: /home/hqd/桌面/ws02_tools/install/cpp03_tf_broadcaster/share/cpp03_tf_broadcaster/cmake/cpp03_tf_broadcasterConfig-version.cmake
[3.954s] -- Up-to-date: /home/hqd/桌面/ws02_tools/install/cpp03_tf_broadcaster/share/cpp03_tf_broadcaster/package.xml
[3.955s] Invoked command in '/home/hqd/桌面/ws02_tools/build/cpp03_tf_broadcaster' returned '0': CMAKE_PREFIX_PATH=/opt/ros/humble /usr/bin/cmake --install /home/hqd/桌面/ws02_tools/build/cpp03_tf_broadcaster
