-- Install configuration: ""
-- Up-to-date: /home/hqd/桌面/ws02_tools/install/cpp06_urdf/share/cpp06_urdf/launch
-- Installing: /home/hqd/桌面/ws02_tools/install/cpp06_urdf/share/cpp06_urdf/rviz
-- Installing: /home/hqd/桌面/ws02_tools/install/cpp06_urdf/share/cpp06_urdf/urdf
-- Installing: /home/hqd/桌面/ws02_tools/install/cpp06_urdf/share/cpp06_urdf/urdf/urdf
-- Installing: /home/hqd/桌面/ws02_tools/install/cpp06_urdf/share/cpp06_urdf/urdf/xacro
-- Installing: /home/hqd/桌面/ws02_tools/install/cpp06_urdf/share/cpp06_urdf/meshes
-- Installing: /home/hqd/桌面/ws02_tools/install/cpp06_urdf/share/ament_index/resource_index/package_run_dependencies/cpp06_urdf
-- Installing: /home/hqd/桌面/ws02_tools/install/cpp06_urdf/share/ament_index/resource_index/parent_prefix_path/cpp06_urdf
-- Installing: /home/hqd/桌面/ws02_tools/install/cpp06_urdf/share/cpp06_urdf/environment/ament_prefix_path.sh
-- Installing: /home/hqd/桌面/ws02_tools/install/cpp06_urdf/share/cpp06_urdf/environment/ament_prefix_path.dsv
-- Installing: /home/hqd/桌面/ws02_tools/install/cpp06_urdf/share/cpp06_urdf/environment/path.sh
-- Installing: /home/hqd/桌面/ws02_tools/install/cpp06_urdf/share/cpp06_urdf/environment/path.dsv
-- Installing: /home/hqd/桌面/ws02_tools/install/cpp06_urdf/share/cpp06_urdf/local_setup.bash
-- Installing: /home/hqd/桌面/ws02_tools/install/cpp06_urdf/share/cpp06_urdf/local_setup.sh
-- Installing: /home/hqd/桌面/ws02_tools/install/cpp06_urdf/share/cpp06_urdf/local_setup.zsh
-- Installing: /home/hqd/桌面/ws02_tools/install/cpp06_urdf/share/cpp06_urdf/local_setup.dsv
-- Up-to-date: /home/hqd/桌面/ws02_tools/install/cpp06_urdf/share/cpp06_urdf/package.dsv
-- Installing: /home/hqd/桌面/ws02_tools/install/cpp06_urdf/share/ament_index/resource_index/packages/cpp06_urdf
-- Installing: /home/hqd/桌面/ws02_tools/install/cpp06_urdf/share/cpp06_urdf/cmake/cpp06_urdfConfig.cmake
-- Installing: /home/hqd/桌面/ws02_tools/install/cpp06_urdf/share/cpp06_urdf/cmake/cpp06_urdfConfig-version.cmake
-- Installing: /home/hqd/桌面/ws02_tools/install/cpp06_urdf/share/cpp06_urdf/package.xml
