[0.016s] Invoking command in '/home/hqd/桌面/ws02_tools/build/cpp06_urdf': CMAKE_PREFIX_PATH=/opt/ros/humble CONDA_PROMPT_MODIFIER=(base) /usr/bin/cmake --build /home/hqd/桌面/ws02_tools/build/cpp06_urdf -- -j2 -l2
[0.053s] Invoked command in '/home/hqd/桌面/ws02_tools/build/cpp06_urdf' returned '0': CMAKE_PREFIX_PATH=/opt/ros/humble CONDA_PROMPT_MODIFIER=(base) /usr/bin/cmake --build /home/hqd/桌面/ws02_tools/build/cpp06_urdf -- -j2 -l2
[0.060s] Invoking command in '/home/hqd/桌面/ws02_tools/build/cpp06_urdf': CMAKE_PREFIX_PATH=/opt/ros/humble CONDA_PROMPT_MODIFIER=(base) /usr/bin/cmake --install /home/hqd/桌面/ws02_tools/build/cpp06_urdf
[0.067s] -- Install configuration: ""
[0.067s] -- Up-to-date: /home/hqd/桌面/ws02_tools/install/cpp06_urdf/share/cpp06_urdf/launch
[0.067s] -- Installing: /home/hqd/桌面/ws02_tools/install/cpp06_urdf/share/cpp06_urdf/rviz
[0.068s] -- Installing: /home/hqd/桌面/ws02_tools/install/cpp06_urdf/share/cpp06_urdf/urdf
[0.068s] -- Installing: /home/hqd/桌面/ws02_tools/install/cpp06_urdf/share/cpp06_urdf/urdf/urdf
[0.068s] -- Installing: /home/hqd/桌面/ws02_tools/install/cpp06_urdf/share/cpp06_urdf/urdf/xacro
[0.068s] -- Installing: /home/hqd/桌面/ws02_tools/install/cpp06_urdf/share/cpp06_urdf/meshes
[0.069s] -- Installing: /home/hqd/桌面/ws02_tools/install/cpp06_urdf/share/ament_index/resource_index/package_run_dependencies/cpp06_urdf
[0.070s] -- Installing: /home/hqd/桌面/ws02_tools/install/cpp06_urdf/share/ament_index/resource_index/parent_prefix_path/cpp06_urdf
[0.070s] -- Installing: /home/hqd/桌面/ws02_tools/install/cpp06_urdf/share/cpp06_urdf/environment/ament_prefix_path.sh
[0.070s] -- Installing: /home/hqd/桌面/ws02_tools/install/cpp06_urdf/share/cpp06_urdf/environment/ament_prefix_path.dsv
[0.071s] -- Installing: /home/hqd/桌面/ws02_tools/install/cpp06_urdf/share/cpp06_urdf/environment/path.sh
[0.071s] -- Installing: /home/hqd/桌面/ws02_tools/install/cpp06_urdf/share/cpp06_urdf/environment/path.dsv
[0.071s] -- Installing: /home/hqd/桌面/ws02_tools/install/cpp06_urdf/share/cpp06_urdf/local_setup.bash
[0.072s] -- Installing: /home/hqd/桌面/ws02_tools/install/cpp06_urdf/share/cpp06_urdf/local_setup.sh
[0.072s] -- Installing: /home/hqd/桌面/ws02_tools/install/cpp06_urdf/share/cpp06_urdf/local_setup.zsh
[0.073s] -- Installing: /home/hqd/桌面/ws02_tools/install/cpp06_urdf/share/cpp06_urdf/local_setup.dsv
[0.073s] -- Up-to-date: /home/hqd/桌面/ws02_tools/install/cpp06_urdf/share/cpp06_urdf/package.dsv
[0.073s] -- Installing: /home/hqd/桌面/ws02_tools/install/cpp06_urdf/share/ament_index/resource_index/packages/cpp06_urdf
[0.074s] -- Installing: /home/hqd/桌面/ws02_tools/install/cpp06_urdf/share/cpp06_urdf/cmake/cpp06_urdfConfig.cmake
[0.074s] -- Installing: /home/hqd/桌面/ws02_tools/install/cpp06_urdf/share/cpp06_urdf/cmake/cpp06_urdfConfig-version.cmake
[0.074s] -- Installing: /home/hqd/桌面/ws02_tools/install/cpp06_urdf/share/cpp06_urdf/package.xml
[0.078s] Invoked command in '/home/hqd/桌面/ws02_tools/build/cpp06_urdf' returned '0': CMAKE_PREFIX_PATH=/opt/ros/humble CONDA_PROMPT_MODIFIER=(base) /usr/bin/cmake --install /home/hqd/桌面/ws02_tools/build/cpp06_urdf
