[0.018s] Invoking command in '/home/hqd/桌面/ws02_tools/build/cpp06_urdf': CMAKE_PREFIX_PATH=/opt/ros/humble /usr/bin/cmake --build /home/hqd/桌面/ws02_tools/build/cpp06_urdf -- -j2 -l2
[0.146s] Invoked command in '/home/hqd/桌面/ws02_tools/build/cpp06_urdf' returned '0': CMAKE_PREFIX_PATH=/opt/ros/humble /usr/bin/cmake --build /home/hqd/桌面/ws02_tools/build/cpp06_urdf -- -j2 -l2
[0.153s] Invoking command in '/home/hqd/桌面/ws02_tools/build/cpp06_urdf': CMAKE_PREFIX_PATH=/opt/ros/humble /usr/bin/cmake --install /home/hqd/桌面/ws02_tools/build/cpp06_urdf
[0.166s] -- Install configuration: ""
[0.167s] -- Up-to-date: /home/hqd/桌面/ws02_tools/install/cpp06_urdf/share/cpp06_urdf/launch
[0.167s] -- Installing: /home/hqd/桌面/ws02_tools/install/cpp06_urdf/share/cpp06_urdf/launch/display.launch.py
[0.171s] -- Up-to-date: /home/hqd/桌面/ws02_tools/install/cpp06_urdf/share/cpp06_urdf/rviz
[0.171s] -- Up-to-date: /home/hqd/桌面/ws02_tools/install/cpp06_urdf/share/cpp06_urdf/urdf
[0.171s] -- Up-to-date: /home/hqd/桌面/ws02_tools/install/cpp06_urdf/share/cpp06_urdf/urdf/urdf
[0.171s] -- Installing: /home/hqd/桌面/ws02_tools/install/cpp06_urdf/share/cpp06_urdf/urdf/urdf/demo01_helloworld.urdf
[0.172s] -- Up-to-date: /home/hqd/桌面/ws02_tools/install/cpp06_urdf/share/cpp06_urdf/urdf/xacro
[0.172s] -- Up-to-date: /home/hqd/桌面/ws02_tools/install/cpp06_urdf/share/cpp06_urdf/meshes
[0.172s] -- Up-to-date: /home/hqd/桌面/ws02_tools/install/cpp06_urdf/share/ament_index/resource_index/package_run_dependencies/cpp06_urdf
[0.172s] -- Up-to-date: /home/hqd/桌面/ws02_tools/install/cpp06_urdf/share/ament_index/resource_index/parent_prefix_path/cpp06_urdf
[0.173s] -- Up-to-date: /home/hqd/桌面/ws02_tools/install/cpp06_urdf/share/cpp06_urdf/environment/ament_prefix_path.sh
[0.173s] -- Up-to-date: /home/hqd/桌面/ws02_tools/install/cpp06_urdf/share/cpp06_urdf/environment/ament_prefix_path.dsv
[0.178s] -- Up-to-date: /home/hqd/桌面/ws02_tools/install/cpp06_urdf/share/cpp06_urdf/environment/path.sh
[0.178s] -- Up-to-date: /home/hqd/桌面/ws02_tools/install/cpp06_urdf/share/cpp06_urdf/environment/path.dsv
[0.178s] -- Up-to-date: /home/hqd/桌面/ws02_tools/install/cpp06_urdf/share/cpp06_urdf/local_setup.bash
[0.178s] -- Up-to-date: /home/hqd/桌面/ws02_tools/install/cpp06_urdf/share/cpp06_urdf/local_setup.sh
[0.179s] -- Up-to-date: /home/hqd/桌面/ws02_tools/install/cpp06_urdf/share/cpp06_urdf/local_setup.zsh
[0.179s] -- Up-to-date: /home/hqd/桌面/ws02_tools/install/cpp06_urdf/share/cpp06_urdf/local_setup.dsv
[0.179s] -- Installing: /home/hqd/桌面/ws02_tools/install/cpp06_urdf/share/cpp06_urdf/package.dsv
[0.179s] -- Up-to-date: /home/hqd/桌面/ws02_tools/install/cpp06_urdf/share/ament_index/resource_index/packages/cpp06_urdf
[0.179s] -- Up-to-date: /home/hqd/桌面/ws02_tools/install/cpp06_urdf/share/cpp06_urdf/cmake/cpp06_urdfConfig.cmake
[0.180s] -- Up-to-date: /home/hqd/桌面/ws02_tools/install/cpp06_urdf/share/cpp06_urdf/cmake/cpp06_urdfConfig-version.cmake
[0.180s] -- Up-to-date: /home/hqd/桌面/ws02_tools/install/cpp06_urdf/share/cpp06_urdf/package.xml
[0.182s] Invoked command in '/home/hqd/桌面/ws02_tools/build/cpp06_urdf' returned '0': CMAKE_PREFIX_PATH=/opt/ros/humble /usr/bin/cmake --install /home/hqd/桌面/ws02_tools/build/cpp06_urdf
