[0.013s] Invoking command in '/home/hqd/桌面/ws02_tools/build/cpp04_tf_listener': CMAKE_PREFIX_PATH=/opt/ros/humble /usr/bin/cmake --build /home/hqd/桌面/ws02_tools/build/cpp04_tf_listener -- -j2 -l2
[0.046s] gmake[1]: Entering directory '/home/hqd/桌面/ws02_tools/build/cpp04_tf_listener'
[0.049s] gmake[2]: Entering directory '/home/hqd/桌面/ws02_tools/build/cpp04_tf_listener'
[0.055s] [35m[1mScanning dependencies of target demo01_tf_listener[0m
[0.100s] gmake[2]: Leaving directory '/home/hqd/桌面/ws02_tools/build/cpp04_tf_listener'
[0.106s] gmake[2]: Entering directory '/home/hqd/桌面/ws02_tools/build/cpp04_tf_listener'
[0.115s] [ 50%] [32mBuilding CXX object CMakeFiles/demo01_tf_listener.dir/src/demo01_tf_listener.cpp.o[0m
[6.300s] [100%] [32m[1mLinking CXX executable demo01_tf_listener[0m
[6.762s] gmake[2]: Leaving directory '/home/hqd/桌面/ws02_tools/build/cpp04_tf_listener'
[6.769s] [100%] Built target demo01_tf_listener
[6.770s] gmake[1]: Leaving directory '/home/hqd/桌面/ws02_tools/build/cpp04_tf_listener'
[6.785s] Invoked command in '/home/hqd/桌面/ws02_tools/build/cpp04_tf_listener' returned '0': CMAKE_PREFIX_PATH=/opt/ros/humble /usr/bin/cmake --build /home/hqd/桌面/ws02_tools/build/cpp04_tf_listener -- -j2 -l2
[6.793s] Invoking command in '/home/hqd/桌面/ws02_tools/build/cpp04_tf_listener': CMAKE_PREFIX_PATH=/opt/ros/humble /usr/bin/cmake --install /home/hqd/桌面/ws02_tools/build/cpp04_tf_listener
[6.801s] -- Install configuration: ""
[6.801s] -- Installing: /home/hqd/桌面/ws02_tools/install/cpp04_tf_listener/lib/cpp04_tf_listener/demo01_tf_listener
[6.805s] -- Set runtime path of "/home/hqd/桌面/ws02_tools/install/cpp04_tf_listener/lib/cpp04_tf_listener/demo01_tf_listener" to ""
[6.805s] -- Installing: /home/hqd/桌面/ws02_tools/install/cpp04_tf_listener/share/ament_index/resource_index/package_run_dependencies/cpp04_tf_listener
[6.806s] -- Installing: /home/hqd/桌面/ws02_tools/install/cpp04_tf_listener/share/ament_index/resource_index/parent_prefix_path/cpp04_tf_listener
[6.807s] -- Installing: /home/hqd/桌面/ws02_tools/install/cpp04_tf_listener/share/cpp04_tf_listener/environment/ament_prefix_path.sh
[6.807s] -- Installing: /home/hqd/桌面/ws02_tools/install/cpp04_tf_listener/share/cpp04_tf_listener/environment/ament_prefix_path.dsv
[6.808s] -- Installing: /home/hqd/桌面/ws02_tools/install/cpp04_tf_listener/share/cpp04_tf_listener/environment/path.sh
[6.808s] -- Installing: /home/hqd/桌面/ws02_tools/install/cpp04_tf_listener/share/cpp04_tf_listener/environment/path.dsv
[6.809s] -- Installing: /home/hqd/桌面/ws02_tools/install/cpp04_tf_listener/share/cpp04_tf_listener/local_setup.bash
[6.809s] -- Installing: /home/hqd/桌面/ws02_tools/install/cpp04_tf_listener/share/cpp04_tf_listener/local_setup.sh
[6.809s] -- Installing: /home/hqd/桌面/ws02_tools/install/cpp04_tf_listener/share/cpp04_tf_listener/local_setup.zsh
[6.810s] -- Installing: /home/hqd/桌面/ws02_tools/install/cpp04_tf_listener/share/cpp04_tf_listener/local_setup.dsv
[6.810s] -- Installing: /home/hqd/桌面/ws02_tools/install/cpp04_tf_listener/share/cpp04_tf_listener/package.dsv
[6.814s] -- Installing: /home/hqd/桌面/ws02_tools/install/cpp04_tf_listener/share/ament_index/resource_index/packages/cpp04_tf_listener
[6.814s] -- Installing: /home/hqd/桌面/ws02_tools/install/cpp04_tf_listener/share/cpp04_tf_listener/cmake/cpp04_tf_listenerConfig.cmake
[6.815s] -- Installing: /home/hqd/桌面/ws02_tools/install/cpp04_tf_listener/share/cpp04_tf_listener/cmake/cpp04_tf_listenerConfig-version.cmake
[6.815s] -- Installing: /home/hqd/桌面/ws02_tools/install/cpp04_tf_listener/share/cpp04_tf_listener/package.xml
[6.826s] Invoked command in '/home/hqd/桌面/ws02_tools/build/cpp04_tf_listener' returned '0': CMAKE_PREFIX_PATH=/opt/ros/humble /usr/bin/cmake --install /home/hqd/桌面/ws02_tools/build/cpp04_tf_listener
