[0.029s] Invoking command in '/home/hqd/桌面/ws02_tools/build/cpp05_exercise': CMAKE_PREFIX_PATH=${CMAKE_PREFIX_PATH}:/opt/ros/humble /usr/bin/cmake --build /home/hqd/桌面/ws02_tools/build/cpp05_exercise -- -j2 -l2
[0.257s] gmake[1]: Entering directory '/home/hqd/桌面/ws02_tools/build/cpp05_exercise'
[0.263s] gmake[2]: Entering directory '/home/hqd/桌面/ws02_tools/build/cpp05_exercise'
[0.283s] gmake[2]: Leaving directory '/home/hqd/桌面/ws02_tools/build/cpp05_exercise'
[0.322s] [100%] Built target exer01_tf_spawn
[0.323s] gmake[1]: Leaving directory '/home/hqd/桌面/ws02_tools/build/cpp05_exercise'
[0.350s] Invoked command in '/home/hqd/桌面/ws02_tools/build/cpp05_exercise' returned '0': CMAKE_PREFIX_PATH=${CMAKE_PREFIX_PATH}:/opt/ros/humble /usr/bin/cmake --build /home/hqd/桌面/ws02_tools/build/cpp05_exercise -- -j2 -l2
[0.363s] Invoking command in '/home/hqd/桌面/ws02_tools/build/cpp05_exercise': CMAKE_PREFIX_PATH=${CMAKE_PREFIX_PATH}:/opt/ros/humble /usr/bin/cmake --install /home/hqd/桌面/ws02_tools/build/cpp05_exercise
[0.377s] -- Install configuration: ""
[0.377s] -- Up-to-date: /home/hqd/桌面/ws02_tools/install/cpp05_exercise/lib/cpp05_exercise/exer01_tf_spawn
[0.378s] -- Up-to-date: /home/hqd/桌面/ws02_tools/install/cpp05_exercise/share/ament_index/resource_index/package_run_dependencies/cpp05_exercise
[0.379s] -- Up-to-date: /home/hqd/桌面/ws02_tools/install/cpp05_exercise/share/ament_index/resource_index/parent_prefix_path/cpp05_exercise
[0.379s] -- Up-to-date: /home/hqd/桌面/ws02_tools/install/cpp05_exercise/share/cpp05_exercise/environment/ament_prefix_path.sh
[0.379s] -- Up-to-date: /home/hqd/桌面/ws02_tools/install/cpp05_exercise/share/cpp05_exercise/environment/ament_prefix_path.dsv
[0.379s] -- Up-to-date: /home/hqd/桌面/ws02_tools/install/cpp05_exercise/share/cpp05_exercise/environment/path.sh
[0.379s] -- Up-to-date: /home/hqd/桌面/ws02_tools/install/cpp05_exercise/share/cpp05_exercise/environment/path.dsv
[0.379s] -- Up-to-date: /home/hqd/桌面/ws02_tools/install/cpp05_exercise/share/cpp05_exercise/local_setup.bash
[0.380s] -- Up-to-date: /home/hqd/桌面/ws02_tools/install/cpp05_exercise/share/cpp05_exercise/local_setup.sh
[0.380s] -- Up-to-date: /home/hqd/桌面/ws02_tools/install/cpp05_exercise/share/cpp05_exercise/local_setup.zsh
[0.380s] -- Up-to-date: /home/hqd/桌面/ws02_tools/install/cpp05_exercise/share/cpp05_exercise/local_setup.dsv
[0.380s] -- Installing: /home/hqd/桌面/ws02_tools/install/cpp05_exercise/share/cpp05_exercise/package.dsv
[0.380s] -- Up-to-date: /home/hqd/桌面/ws02_tools/install/cpp05_exercise/share/ament_index/resource_index/packages/cpp05_exercise
[0.380s] -- Up-to-date: /home/hqd/桌面/ws02_tools/install/cpp05_exercise/share/cpp05_exercise/cmake/cpp05_exerciseConfig.cmake
[0.381s] -- Up-to-date: /home/hqd/桌面/ws02_tools/install/cpp05_exercise/share/cpp05_exercise/cmake/cpp05_exerciseConfig-version.cmake
[0.381s] -- Up-to-date: /home/hqd/桌面/ws02_tools/install/cpp05_exercise/share/cpp05_exercise/package.xml
[0.384s] Invoked command in '/home/hqd/桌面/ws02_tools/build/cpp05_exercise' returned '0': CMAKE_PREFIX_PATH=${CMAKE_PREFIX_PATH}:/opt/ros/humble /usr/bin/cmake --install /home/hqd/桌面/ws02_tools/build/cpp05_exercise
