[0.019s] Invoking command in '/home/hqd/桌面/ws02_tools/build/cpp03_tf_broadcaster': CMAKE_PREFIX_PATH=${CMAKE_PREFIX_PATH}:/opt/ros/humble /usr/bin/cmake --build /home/hqd/桌面/ws02_tools/build/cpp03_tf_broadcaster -- -j2 -l2
[0.078s] gmake[1]: Entering directory '/home/hqd/桌面/ws02_tools/build/cpp03_tf_broadcaster'
[0.086s] gmake[2]: Entering directory '/home/hqd/桌面/ws02_tools/build/cpp03_tf_broadcaster'
[0.092s] gmake[2]: Entering directory '/home/hqd/桌面/ws02_tools/build/cpp03_tf_broadcaster'
[0.108s] gmake[2]: Leaving directory '/home/hqd/桌面/ws02_tools/build/cpp03_tf_broadcaster'
[0.167s] [ 33%] Built target demo03_point_tf_broadcaster
[0.192s] gmake[2]: Entering directory '/home/hqd/桌面/ws02_tools/build/cpp03_tf_broadcaster'
[0.201s] gmake[2]: Leaving directory '/home/hqd/桌面/ws02_tools/build/cpp03_tf_broadcaster'
[0.252s] gmake[2]: Leaving directory '/home/hqd/桌面/ws02_tools/build/cpp03_tf_broadcaster'
[0.365s] [ 66%] Built target demo01_static_tf_broadcaster
[0.371s] [100%] Built target demo02_dynamic_tf_broadcaster
[0.372s] gmake[1]: Leaving directory '/home/hqd/桌面/ws02_tools/build/cpp03_tf_broadcaster'
[0.452s] Invoked command in '/home/hqd/桌面/ws02_tools/build/cpp03_tf_broadcaster' returned '0': CMAKE_PREFIX_PATH=${CMAKE_PREFIX_PATH}:/opt/ros/humble /usr/bin/cmake --build /home/hqd/桌面/ws02_tools/build/cpp03_tf_broadcaster -- -j2 -l2
[0.473s] Invoking command in '/home/hqd/桌面/ws02_tools/build/cpp03_tf_broadcaster': CMAKE_PREFIX_PATH=${CMAKE_PREFIX_PATH}:/opt/ros/humble /usr/bin/cmake --install /home/hqd/桌面/ws02_tools/build/cpp03_tf_broadcaster
[0.487s] -- Install configuration: ""
[0.489s] -- Up-to-date: /home/hqd/桌面/ws02_tools/install/cpp03_tf_broadcaster/lib/cpp03_tf_broadcaster/demo01_static_tf_broadcaster
[0.490s] -- Up-to-date: /home/hqd/桌面/ws02_tools/install/cpp03_tf_broadcaster/lib/cpp03_tf_broadcaster/demo02_dynamic_tf_broadcaster
[0.491s] -- Up-to-date: /home/hqd/桌面/ws02_tools/install/cpp03_tf_broadcaster/lib/cpp03_tf_broadcaster/demo03_point_tf_broadcaster
[0.493s] -- Up-to-date: /home/hqd/桌面/ws02_tools/install/cpp03_tf_broadcaster/share/ament_index/resource_index/package_run_dependencies/cpp03_tf_broadcaster
[0.494s] -- Up-to-date: /home/hqd/桌面/ws02_tools/install/cpp03_tf_broadcaster/share/ament_index/resource_index/parent_prefix_path/cpp03_tf_broadcaster
[0.494s] -- Up-to-date: /home/hqd/桌面/ws02_tools/install/cpp03_tf_broadcaster/share/cpp03_tf_broadcaster/environment/ament_prefix_path.sh
[0.494s] -- Up-to-date: /home/hqd/桌面/ws02_tools/install/cpp03_tf_broadcaster/share/cpp03_tf_broadcaster/environment/ament_prefix_path.dsv
[0.494s] -- Up-to-date: /home/hqd/桌面/ws02_tools/install/cpp03_tf_broadcaster/share/cpp03_tf_broadcaster/environment/path.sh
[0.495s] -- Up-to-date: /home/hqd/桌面/ws02_tools/install/cpp03_tf_broadcaster/share/cpp03_tf_broadcaster/environment/path.dsv
[0.495s] -- Up-to-date: /home/hqd/桌面/ws02_tools/install/cpp03_tf_broadcaster/share/cpp03_tf_broadcaster/local_setup.bash
[0.495s] -- Up-to-date: /home/hqd/桌面/ws02_tools/install/cpp03_tf_broadcaster/share/cpp03_tf_broadcaster/local_setup.sh
[0.495s] -- Up-to-date: /home/hqd/桌面/ws02_tools/install/cpp03_tf_broadcaster/share/cpp03_tf_broadcaster/local_setup.zsh
[0.496s] -- Up-to-date: /home/hqd/桌面/ws02_tools/install/cpp03_tf_broadcaster/share/cpp03_tf_broadcaster/local_setup.dsv
[0.496s] -- Installing: /home/hqd/桌面/ws02_tools/install/cpp03_tf_broadcaster/share/cpp03_tf_broadcaster/package.dsv
[0.499s] -- Up-to-date: /home/hqd/桌面/ws02_tools/install/cpp03_tf_broadcaster/share/ament_index/resource_index/packages/cpp03_tf_broadcaster
[0.500s] -- Up-to-date: /home/hqd/桌面/ws02_tools/install/cpp03_tf_broadcaster/share/cpp03_tf_broadcaster/cmake/cpp03_tf_broadcasterConfig.cmake
[0.500s] -- Up-to-date: /home/hqd/桌面/ws02_tools/install/cpp03_tf_broadcaster/share/cpp03_tf_broadcaster/cmake/cpp03_tf_broadcasterConfig-version.cmake
[0.500s] -- Up-to-date: /home/hqd/桌面/ws02_tools/install/cpp03_tf_broadcaster/share/cpp03_tf_broadcaster/package.xml
[0.507s] Invoked command in '/home/hqd/桌面/ws02_tools/build/cpp03_tf_broadcaster' returned '0': CMAKE_PREFIX_PATH=${CMAKE_PREFIX_PATH}:/opt/ros/humble /usr/bin/cmake --install /home/hqd/桌面/ws02_tools/build/cpp03_tf_broadcaster
