[0.011s] Invoking command in '/home/hqd/桌面/ws02_tools/build/cpp02_rosbag': CMAKE_PREFIX_PATH=${CMAKE_PREFIX_PATH}:/opt/ros/humble /usr/bin/cmake --build /home/hqd/桌面/ws02_tools/build/cpp02_rosbag -- -j2 -l2
[0.053s] gmake[1]: Entering directory '/home/hqd/桌面/ws02_tools/build/cpp02_rosbag'
[0.055s] gmake[2]: Entering directory '/home/hqd/桌面/ws02_tools/build/cpp02_rosbag'
[0.055s] gmake[2]: Entering directory '/home/hqd/桌面/ws02_tools/build/cpp02_rosbag'
[0.063s] [35m[1mScanning dependencies of target demo02_reader[0m
[0.063s] gmake[2]: Leaving directory '/home/hqd/桌面/ws02_tools/build/cpp02_rosbag'
[0.079s] [ 50%] Built target demo01_writer
[0.110s] gmake[2]: Leaving directory '/home/hqd/桌面/ws02_tools/build/cpp02_rosbag'
[0.121s] gmake[2]: Entering directory '/home/hqd/桌面/ws02_tools/build/cpp02_rosbag'
[0.127s] [ 75%] [32mBuilding CXX object CMakeFiles/demo02_reader.dir/src/demo02_reader.cpp.o[0m
[2.903s] [100%] [32m[1mLinking CXX executable demo02_reader[0m
[3.002s] gmake[2]: Leaving directory '/home/hqd/桌面/ws02_tools/build/cpp02_rosbag'
[3.009s] [100%] Built target demo02_reader
[3.010s] gmake[1]: Leaving directory '/home/hqd/桌面/ws02_tools/build/cpp02_rosbag'
[3.020s] Invoked command in '/home/hqd/桌面/ws02_tools/build/cpp02_rosbag' returned '0': CMAKE_PREFIX_PATH=${CMAKE_PREFIX_PATH}:/opt/ros/humble /usr/bin/cmake --build /home/hqd/桌面/ws02_tools/build/cpp02_rosbag -- -j2 -l2
[3.027s] Invoking command in '/home/hqd/桌面/ws02_tools/build/cpp02_rosbag': CMAKE_PREFIX_PATH=${CMAKE_PREFIX_PATH}:/opt/ros/humble /usr/bin/cmake --install /home/hqd/桌面/ws02_tools/build/cpp02_rosbag
[3.034s] -- Install configuration: ""
[3.034s] -- Up-to-date: /home/hqd/桌面/ws02_tools/install/cpp02_rosbag/lib/cpp02_rosbag/demo01_writer
[3.035s] -- Installing: /home/hqd/桌面/ws02_tools/install/cpp02_rosbag/lib/cpp02_rosbag/demo02_reader
[3.036s] -- Set runtime path of "/home/hqd/桌面/ws02_tools/install/cpp02_rosbag/lib/cpp02_rosbag/demo02_reader" to ""
[3.036s] -- Up-to-date: /home/hqd/桌面/ws02_tools/install/cpp02_rosbag/share/ament_index/resource_index/package_run_dependencies/cpp02_rosbag
[3.036s] -- Up-to-date: /home/hqd/桌面/ws02_tools/install/cpp02_rosbag/share/ament_index/resource_index/parent_prefix_path/cpp02_rosbag
[3.037s] -- Up-to-date: /home/hqd/桌面/ws02_tools/install/cpp02_rosbag/share/cpp02_rosbag/environment/ament_prefix_path.sh
[3.037s] -- Up-to-date: /home/hqd/桌面/ws02_tools/install/cpp02_rosbag/share/cpp02_rosbag/environment/ament_prefix_path.dsv
[3.037s] -- Up-to-date: /home/hqd/桌面/ws02_tools/install/cpp02_rosbag/share/cpp02_rosbag/environment/path.sh
[3.037s] -- Up-to-date: /home/hqd/桌面/ws02_tools/install/cpp02_rosbag/share/cpp02_rosbag/environment/path.dsv
[3.037s] -- Up-to-date: /home/hqd/桌面/ws02_tools/install/cpp02_rosbag/share/cpp02_rosbag/local_setup.bash
[3.037s] -- Up-to-date: /home/hqd/桌面/ws02_tools/install/cpp02_rosbag/share/cpp02_rosbag/local_setup.sh
[3.038s] -- Up-to-date: /home/hqd/桌面/ws02_tools/install/cpp02_rosbag/share/cpp02_rosbag/local_setup.zsh
[3.038s] -- Up-to-date: /home/hqd/桌面/ws02_tools/install/cpp02_rosbag/share/cpp02_rosbag/local_setup.dsv
[3.038s] -- Installing: /home/hqd/桌面/ws02_tools/install/cpp02_rosbag/share/cpp02_rosbag/package.dsv
[3.038s] -- Up-to-date: /home/hqd/桌面/ws02_tools/install/cpp02_rosbag/share/ament_index/resource_index/packages/cpp02_rosbag
[3.038s] -- Up-to-date: /home/hqd/桌面/ws02_tools/install/cpp02_rosbag/share/cpp02_rosbag/cmake/cpp02_rosbagConfig.cmake
[3.038s] -- Up-to-date: /home/hqd/桌面/ws02_tools/install/cpp02_rosbag/share/cpp02_rosbag/cmake/cpp02_rosbagConfig-version.cmake
[3.039s] -- Up-to-date: /home/hqd/桌面/ws02_tools/install/cpp02_rosbag/share/cpp02_rosbag/package.xml
[3.040s] Invoked command in '/home/hqd/桌面/ws02_tools/build/cpp02_rosbag' returned '0': CMAKE_PREFIX_PATH=${CMAKE_PREFIX_PATH}:/opt/ros/humble /usr/bin/cmake --install /home/hqd/桌面/ws02_tools/build/cpp02_rosbag
