[0.018s] Invoking command in '/home/hqd/桌面/ws02_tools/build/cpp06_urdf': CMAKE_PREFIX_PATH=/opt/ros/humble CONDA_PROMPT_MODIFIER=(base) /usr/bin/cmake /home/hqd/桌面/ws02_tools/src/cpp06_urdf -DCMAKE_INSTALL_PREFIX=/home/hqd/桌面/ws02_tools/install/cpp06_urdf
[0.236s] -- The C compiler identification is GNU 11.4.0
[0.439s] -- The CXX compiler identification is GNU 11.4.0
[0.447s] -- Check for working C compiler: /usr/bin/cc
[0.870s] -- Check for working C compiler: /usr/bin/cc -- works
[0.876s] -- Detecting C compiler ABI info
[1.192s] -- Detecting C compiler ABI info - done
[1.220s] -- Detecting C compile features
[1.220s] -- Detecting C compile features - done
[1.226s] -- Check for working CXX compiler: /usr/bin/c++
[1.628s] -- Check for working CXX compiler: /usr/bin/c++ -- works
[1.628s] -- Detecting CXX compiler ABI info
[1.864s] -- Detecting CXX compiler ABI info - done
[1.891s] -- Detecting CXX compile features
[1.892s] -- Detecting CXX compile features - done
[1.929s] -- Found ament_cmake: 1.3.14 (/opt/ros/humble/share/ament_cmake/cmake)
[2.599s] -- Found Python3: /home/hqd/miniconda3/bin/python3 (found version "3.14.6") found components: Interpreter 
[2.906s] -- Found ament_lint_auto: 0.12.15 (/opt/ros/humble/share/ament_lint_auto/cmake)
[3.285s] -- Added test 'lint_cmake' to check CMake code style
[3.291s] -- Added test 'xmllint' to check XML markup files
[3.305s] -- Configuring done
[3.312s] -- Generating done
[3.315s] -- Build files have been written to: /home/hqd/桌面/ws02_tools/build/cpp06_urdf
[3.336s] Invoked command in '/home/hqd/桌面/ws02_tools/build/cpp06_urdf' returned '0': CMAKE_PREFIX_PATH=/opt/ros/humble CONDA_PROMPT_MODIFIER=(base) /usr/bin/cmake /home/hqd/桌面/ws02_tools/src/cpp06_urdf -DCMAKE_INSTALL_PREFIX=/home/hqd/桌面/ws02_tools/install/cpp06_urdf
[3.336s] Invoking command in '/home/hqd/桌面/ws02_tools/build/cpp06_urdf': CMAKE_PREFIX_PATH=/opt/ros/humble CONDA_PROMPT_MODIFIER=(base) /usr/bin/cmake --build /home/hqd/桌面/ws02_tools/build/cpp06_urdf -- -j2 -l2
[3.453s] Invoked command in '/home/hqd/桌面/ws02_tools/build/cpp06_urdf' returned '0': CMAKE_PREFIX_PATH=/opt/ros/humble CONDA_PROMPT_MODIFIER=(base) /usr/bin/cmake --build /home/hqd/桌面/ws02_tools/build/cpp06_urdf -- -j2 -l2
[3.481s] Invoking command in '/home/hqd/桌面/ws02_tools/build/cpp06_urdf': CMAKE_PREFIX_PATH=/opt/ros/humble CONDA_PROMPT_MODIFIER=(base) /usr/bin/cmake --install /home/hqd/桌面/ws02_tools/build/cpp06_urdf
[3.498s] -- Install configuration: ""
[3.498s] -- Installing: /home/hqd/桌面/ws02_tools/install/cpp06_urdf/share/cpp06_urdf/launch
[3.498s] CMake Error at cmake_install.cmake:41 (file):
[3.498s]   file INSTALL cannot find "/home/hqd/桌面/ws02_tools/src/cpp06_urdf/rviz":
[3.498s]   No such file or directory.
[3.499s] 
[3.499s] 
[3.501s] Invoked command in '/home/hqd/桌面/ws02_tools/build/cpp06_urdf' returned '1': CMAKE_PREFIX_PATH=/opt/ros/humble CONDA_PROMPT_MODIFIER=(base) /usr/bin/cmake --install /home/hqd/桌面/ws02_tools/build/cpp06_urdf
