[0.010s] Invoking command in '/home/hqd/桌面/ws02_tools/build/cpp04_tf_listener': CMAKE_PREFIX_PATH=/opt/ros/humble /usr/bin/cmake --build /home/hqd/桌面/ws02_tools/build/cpp04_tf_listener -- -j2 -l2
[0.059s] gmake[1]: Entering directory '/home/hqd/桌面/ws02_tools/build/cpp04_tf_listener'
[0.065s] gmake[2]: Entering directory '/home/hqd/桌面/ws02_tools/build/cpp04_tf_listener'
[0.080s] gmake[2]: Entering directory '/home/hqd/桌面/ws02_tools/build/cpp04_tf_listener'
[0.082s] gmake[2]: Leaving directory '/home/hqd/桌面/ws02_tools/build/cpp04_tf_listener'
[0.117s] gmake[2]: Leaving directory '/home/hqd/桌面/ws02_tools/build/cpp04_tf_listener'
[0.153s] [ 50%] Built target demo01_tf_listener
[0.178s] [100%] Built target demo02_msg_filter
[0.182s] gmake[1]: Leaving directory '/home/hqd/桌面/ws02_tools/build/cpp04_tf_listener'
[0.232s] Invoked command in '/home/hqd/桌面/ws02_tools/build/cpp04_tf_listener' returned '0': CMAKE_PREFIX_PATH=/opt/ros/humble /usr/bin/cmake --build /home/hqd/桌面/ws02_tools/build/cpp04_tf_listener -- -j2 -l2
[0.268s] Invoking command in '/home/hqd/桌面/ws02_tools/build/cpp04_tf_listener': CMAKE_PREFIX_PATH=/opt/ros/humble /usr/bin/cmake --install /home/hqd/桌面/ws02_tools/build/cpp04_tf_listener
[0.318s] -- Install configuration: ""
[0.330s] -- Up-to-date: /home/hqd/桌面/ws02_tools/install/cpp04_tf_listener/lib/cpp04_tf_listener/demo01_tf_listener
[0.331s] -- Up-to-date: /home/hqd/桌面/ws02_tools/install/cpp04_tf_listener/lib/cpp04_tf_listener/demo02_msg_filter
[0.332s] -- Up-to-date: /home/hqd/桌面/ws02_tools/install/cpp04_tf_listener/share/ament_index/resource_index/package_run_dependencies/cpp04_tf_listener
[0.332s] -- Up-to-date: /home/hqd/桌面/ws02_tools/install/cpp04_tf_listener/share/ament_index/resource_index/parent_prefix_path/cpp04_tf_listener
[0.333s] -- Up-to-date: /home/hqd/桌面/ws02_tools/install/cpp04_tf_listener/share/cpp04_tf_listener/environment/ament_prefix_path.sh
[0.333s] -- Up-to-date: /home/hqd/桌面/ws02_tools/install/cpp04_tf_listener/share/cpp04_tf_listener/environment/ament_prefix_path.dsv
[0.333s] -- Up-to-date: /home/hqd/桌面/ws02_tools/install/cpp04_tf_listener/share/cpp04_tf_listener/environment/path.sh
[0.334s] -- Up-to-date: /home/hqd/桌面/ws02_tools/install/cpp04_tf_listener/share/cpp04_tf_listener/environment/path.dsv
[0.334s] -- Up-to-date: /home/hqd/桌面/ws02_tools/install/cpp04_tf_listener/share/cpp04_tf_listener/local_setup.bash
[0.334s] -- Up-to-date: /home/hqd/桌面/ws02_tools/install/cpp04_tf_listener/share/cpp04_tf_listener/local_setup.sh
[0.334s] -- Up-to-date: /home/hqd/桌面/ws02_tools/install/cpp04_tf_listener/share/cpp04_tf_listener/local_setup.zsh
[0.335s] -- Up-to-date: /home/hqd/桌面/ws02_tools/install/cpp04_tf_listener/share/cpp04_tf_listener/local_setup.dsv
[0.335s] -- Installing: /home/hqd/桌面/ws02_tools/install/cpp04_tf_listener/share/cpp04_tf_listener/package.dsv
[0.335s] -- Up-to-date: /home/hqd/桌面/ws02_tools/install/cpp04_tf_listener/share/ament_index/resource_index/packages/cpp04_tf_listener
[0.336s] -- Up-to-date: /home/hqd/桌面/ws02_tools/install/cpp04_tf_listener/share/cpp04_tf_listener/cmake/cpp04_tf_listenerConfig.cmake
[0.336s] -- Up-to-date: /home/hqd/桌面/ws02_tools/install/cpp04_tf_listener/share/cpp04_tf_listener/cmake/cpp04_tf_listenerConfig-version.cmake
[0.336s] -- Up-to-date: /home/hqd/桌面/ws02_tools/install/cpp04_tf_listener/share/cpp04_tf_listener/package.xml
[0.346s] Invoked command in '/home/hqd/桌面/ws02_tools/build/cpp04_tf_listener' returned '0': CMAKE_PREFIX_PATH=/opt/ros/humble /usr/bin/cmake --install /home/hqd/桌面/ws02_tools/build/cpp04_tf_listener
