In file included from [01m[K/opt/ros/humble/include/rclcpp/rclcpp/logging.hpp:24[m[K,
                 from [01m[K/opt/ros/humble/include/rclcpp/rclcpp/client.hpp:40[m[K,
                 from [01m[K/opt/ros/humble/include/rclcpp/rclcpp/callback_group.hpp:24[m[K,
                 from [01m[K/opt/ros/humble/include/rclcpp/rclcpp/any_executable.hpp:20[m[K,
                 from [01m[K/opt/ros/humble/include/rclcpp/rclcpp/memory_strategy.hpp:25[m[K,
                 from [01m[K/opt/ros/humble/include/rclcpp/rclcpp/memory_strategies.hpp:18[m[K,
                 from [01m[K/opt/ros/humble/include/rclcpp/rclcpp/executor_options.hpp:20[m[K,
                 from [01m[K/opt/ros/humble/include/rclcpp/rclcpp/executor.hpp:37[m[K,
                 from [01m[K/opt/ros/humble/include/rclcpp/rclcpp/executors/multi_threaded_executor.hpp:25[m[K,
                 from [01m[K/opt/ros/humble/include/rclcpp/rclcpp/executors.hpp:21[m[K,
                 from [01m[K/opt/ros/humble/include/rclcpp/rclcpp/rclcpp.hpp:155[m[K,
                 from [01m[K/home/hqd/桌面/ws02_tools/src/cpp02_rosbag/src/demo02_reader.cpp:17[m[K:
[01m[K/home/hqd/桌面/ws02_tools/src/cpp02_rosbag/src/demo02_reader.cpp:[m[K In constructor ‘[01m[KSimpleBagPlayer::SimpleBagPlayer()[m[K’:
[01m[K/home/hqd/桌面/ws02_tools/src/cpp02_rosbag/src/demo02_reader.cpp:36:45:[m[K [01;35m[Kwarning: [m[Kunknown conversion type character ‘[01m[K\xe3[m[K’ in format [[01;35m[K]8;;https://gcc.gnu.org/onlinedocs/gcc/Warning-Options.html#index-Wformat=-Wformat=]8;;[m[K]
   36 |             RCLCPP_INFO(this->get_logger(), [01;35m[K"线速度：%。2f,角速度：%.2f"[m[K, twist.linear.x, twist.angular.z);
      |                                             [01;35m[K^~~~~~~~~~~~~~~~~~~~~~~~~~~~[m[K
[01m[K/home/hqd/桌面/ws02_tools/src/cpp02_rosbag/src/demo02_reader.cpp:36:55:[m[K [01;36m[Knote: [m[Kformat string is defined here
   36 |             RCLCPP_INFO(this->get_logger(), "线速度：%[01;36m[K。[m[K2f,角速度：%.2f", twist.linear.x, twist.angular.z);
      |                                                       [01;36m[K^[m[K
In file included from [01m[K/opt/ros/humble/include/rclcpp/rclcpp/logging.hpp:24[m[K,
                 from [01m[K/opt/ros/humble/include/rclcpp/rclcpp/client.hpp:40[m[K,
                 from [01m[K/opt/ros/humble/include/rclcpp/rclcpp/callback_group.hpp:24[m[K,
                 from [01m[K/opt/ros/humble/include/rclcpp/rclcpp/any_executable.hpp:20[m[K,
                 from [01m[K/opt/ros/humble/include/rclcpp/rclcpp/memory_strategy.hpp:25[m[K,
                 from [01m[K/opt/ros/humble/include/rclcpp/rclcpp/memory_strategies.hpp:18[m[K,
                 from [01m[K/opt/ros/humble/include/rclcpp/rclcpp/executor_options.hpp:20[m[K,
                 from [01m[K/opt/ros/humble/include/rclcpp/rclcpp/executor.hpp:37[m[K,
                 from [01m[K/opt/ros/humble/include/rclcpp/rclcpp/executors/multi_threaded_executor.hpp:25[m[K,
                 from [01m[K/opt/ros/humble/include/rclcpp/rclcpp/executors.hpp:21[m[K,
                 from [01m[K/opt/ros/humble/include/rclcpp/rclcpp/rclcpp.hpp:155[m[K,
                 from [01m[K/home/hqd/桌面/ws02_tools/src/cpp02_rosbag/src/demo02_reader.cpp:17[m[K:
[01m[K/home/hqd/桌面/ws02_tools/src/cpp02_rosbag/src/demo02_reader.cpp:36:45:[m[K [01;35m[Kwarning: [m[Ktoo many arguments for format [[01;35m[K]8;;https://gcc.gnu.org/onlinedocs/gcc/Warning-Options.html#index-Wformat-extra-args-Wformat-extra-args]8;;[m[K]
   36 |             RCLCPP_INFO(this->get_logger(), [01;35m[K"线速度：%。2f,角速度：%.2f"[m[K, twist.linear.x, twist.angular.z);
      |                                             [01;35m[K^~~~~~~~~~~~~~~~~~~~~~~~~~~~[m[K
