gmake[1]: Entering directory '/home/hqd/桌面/ws02_tools/build/cpp02_rosbag'
gmake[2]: Entering directory '/home/hqd/桌面/ws02_tools/build/cpp02_rosbag'
gmake[2]: Entering directory '/home/hqd/桌面/ws02_tools/build/cpp02_rosbag'
[35m[1mScanning dependencies of target demo01_writer[0m
[35m[1mScanning dependencies of target demo02_reader[0m
gmake[2]: Leaving directory '/home/hqd/桌面/ws02_tools/build/cpp02_rosbag'
gmake[2]: Entering directory '/home/hqd/桌面/ws02_tools/build/cpp02_rosbag'
gmake[2]: Leaving directory '/home/hqd/桌面/ws02_tools/build/cpp02_rosbag'
gmake[2]: Entering directory '/home/hqd/桌面/ws02_tools/build/cpp02_rosbag'
[ 25%] [32mBuilding CXX object CMakeFiles/demo01_writer.dir/src/demo01_writer.cpp.o[0m
[ 50%] [32mBuilding CXX object CMakeFiles/demo02_reader.dir/src/demo02_reader.cpp.o[0m
In file included from [01m[K/opt/ros/humble/include/rclcpp/rclcpp/logging.hpp:24[m[K,
                 from [01m[K/opt/ros/humble/include/rclcpp/rclcpp/client.hpp:40[m[K,
                 from [01m[K/opt/ros/humble/include/rclcpp/rclcpp/callback_group.hpp:24[m[K,
                 from [01m[K/opt/ros/humble/include/rclcpp/rclcpp/any_executable.hpp:20[m[K,
                 from [01m[K/opt/ros/humble/include/rclcpp/rclcpp/memory_strategy.hpp:25[m[K,
                 from [01m[K/opt/ros/humble/include/rclcpp/rclcpp/memory_strategies.hpp:18[m[K,
                 from [01m[K/opt/ros/humble/include/rclcpp/rclcpp/executor_options.hpp:20[m[K,
                 from [01m[K/opt/ros/humble/include/rclcpp/rclcpp/executor.hpp:37[m[K,
                 from [01m[K/opt/ros/humble/include/rclcpp/rclcpp/executors/multi_threaded_executor.hpp:25[m[K,
                 from [01m[K/opt/ros/humble/include/rclcpp/rclcpp/executors.hpp:21[m[K,
                 from [01m[K/opt/ros/humble/include/rclcpp/rclcpp/rclcpp.hpp:155[m[K,
                 from [01m[K/home/hqd/桌面/ws02_tools/src/cpp02_rosbag/src/demo02_reader.cpp:17[m[K:
[01m[K/home/hqd/桌面/ws02_tools/src/cpp02_rosbag/src/demo02_reader.cpp:[m[K In constructor ‘[01m[KSimpleBagPlayer::SimpleBagPlayer()[m[K’:
[01m[K/home/hqd/桌面/ws02_tools/src/cpp02_rosbag/src/demo02_reader.cpp:36:45:[m[K [01;35m[Kwarning: [m[Kunknown conversion type character ‘[01m[K\xe3[m[K’ in format [[01;35m[K]8;;https://gcc.gnu.org/onlinedocs/gcc/Warning-Options.html#index-Wformat=-Wformat=]8;;[m[K]
   36 |             RCLCPP_INFO(this->get_logger(), [01;35m[K"线速度：%。2f,角速度：%.2f"[m[K, twist.linear.x, twist.angular.z);
      |                                             [01;35m[K^~~~~~~~~~~~~~~~~~~~~~~~~~~~[m[K
[01m[K/home/hqd/桌面/ws02_tools/src/cpp02_rosbag/src/demo02_reader.cpp:36:55:[m[K [01;36m[Knote: [m[Kformat string is defined here
   36 |             RCLCPP_INFO(this->get_logger(), "线速度：%[01;36m[K。[m[K2f,角速度：%.2f", twist.linear.x, twist.angular.z);
      |                                                       [01;36m[K^[m[K
In file included from [01m[K/opt/ros/humble/include/rclcpp/rclcpp/logging.hpp:24[m[K,
                 from [01m[K/opt/ros/humble/include/rclcpp/rclcpp/client.hpp:40[m[K,
                 from [01m[K/opt/ros/humble/include/rclcpp/rclcpp/callback_group.hpp:24[m[K,
                 from [01m[K/opt/ros/humble/include/rclcpp/rclcpp/any_executable.hpp:20[m[K,
                 from [01m[K/opt/ros/humble/include/rclcpp/rclcpp/memory_strategy.hpp:25[m[K,
                 from [01m[K/opt/ros/humble/include/rclcpp/rclcpp/memory_strategies.hpp:18[m[K,
                 from [01m[K/opt/ros/humble/include/rclcpp/rclcpp/executor_options.hpp:20[m[K,
                 from [01m[K/opt/ros/humble/include/rclcpp/rclcpp/executor.hpp:37[m[K,
                 from [01m[K/opt/ros/humble/include/rclcpp/rclcpp/executors/multi_threaded_executor.hpp:25[m[K,
                 from [01m[K/opt/ros/humble/include/rclcpp/rclcpp/executors.hpp:21[m[K,
                 from [01m[K/opt/ros/humble/include/rclcpp/rclcpp/rclcpp.hpp:155[m[K,
                 from [01m[K/home/hqd/桌面/ws02_tools/src/cpp02_rosbag/src/demo02_reader.cpp:17[m[K:
[01m[K/home/hqd/桌面/ws02_tools/src/cpp02_rosbag/src/demo02_reader.cpp:36:45:[m[K [01;35m[Kwarning: [m[Ktoo many arguments for format [[01;35m[K]8;;https://gcc.gnu.org/onlinedocs/gcc/Warning-Options.html#index-Wformat-extra-args-Wformat-extra-args]8;;[m[K]
   36 |             RCLCPP_INFO(this->get_logger(), [01;35m[K"线速度：%。2f,角速度：%.2f"[m[K, twist.linear.x, twist.angular.z);
      |                                             [01;35m[K^~~~~~~~~~~~~~~~~~~~~~~~~~~~[m[K
[ 75%] [32m[1mLinking CXX executable demo02_reader[0m
gmake[2]: Leaving directory '/home/hqd/桌面/ws02_tools/build/cpp02_rosbag'
[ 75%] Built target demo02_reader
[100%] [32m[1mLinking CXX executable demo01_writer[0m
gmake[2]: Leaving directory '/home/hqd/桌面/ws02_tools/build/cpp02_rosbag'
[100%] Built target demo01_writer
gmake[1]: Leaving directory '/home/hqd/桌面/ws02_tools/build/cpp02_rosbag'
-- Install configuration: ""
-- Installing: /home/hqd/桌面/ws02_tools/install/cpp02_rosbag/lib/cpp02_rosbag/demo01_writer
-- Set runtime path of "/home/hqd/桌面/ws02_tools/install/cpp02_rosbag/lib/cpp02_rosbag/demo01_writer" to ""
-- Installing: /home/hqd/桌面/ws02_tools/install/cpp02_rosbag/lib/cpp02_rosbag/demo02_reader
-- Set runtime path of "/home/hqd/桌面/ws02_tools/install/cpp02_rosbag/lib/cpp02_rosbag/demo02_reader" to ""
-- Up-to-date: /home/hqd/桌面/ws02_tools/install/cpp02_rosbag/share/ament_index/resource_index/package_run_dependencies/cpp02_rosbag
-- Up-to-date: /home/hqd/桌面/ws02_tools/install/cpp02_rosbag/share/ament_index/resource_index/parent_prefix_path/cpp02_rosbag
-- Up-to-date: /home/hqd/桌面/ws02_tools/install/cpp02_rosbag/share/cpp02_rosbag/environment/ament_prefix_path.sh
-- Up-to-date: /home/hqd/桌面/ws02_tools/install/cpp02_rosbag/share/cpp02_rosbag/environment/ament_prefix_path.dsv
-- Up-to-date: /home/hqd/桌面/ws02_tools/install/cpp02_rosbag/share/cpp02_rosbag/environment/path.sh
-- Up-to-date: /home/hqd/桌面/ws02_tools/install/cpp02_rosbag/share/cpp02_rosbag/environment/path.dsv
-- Up-to-date: /home/hqd/桌面/ws02_tools/install/cpp02_rosbag/share/cpp02_rosbag/local_setup.bash
-- Up-to-date: /home/hqd/桌面/ws02_tools/install/cpp02_rosbag/share/cpp02_rosbag/local_setup.sh
-- Up-to-date: /home/hqd/桌面/ws02_tools/install/cpp02_rosbag/share/cpp02_rosbag/local_setup.zsh
-- Up-to-date: /home/hqd/桌面/ws02_tools/install/cpp02_rosbag/share/cpp02_rosbag/local_setup.dsv
-- Installing: /home/hqd/桌面/ws02_tools/install/cpp02_rosbag/share/cpp02_rosbag/package.dsv
-- Up-to-date: /home/hqd/桌面/ws02_tools/install/cpp02_rosbag/share/ament_index/resource_index/packages/cpp02_rosbag
-- Up-to-date: /home/hqd/桌面/ws02_tools/install/cpp02_rosbag/share/cpp02_rosbag/cmake/cpp02_rosbagConfig.cmake
-- Up-to-date: /home/hqd/桌面/ws02_tools/install/cpp02_rosbag/share/cpp02_rosbag/cmake/cpp02_rosbagConfig-version.cmake
-- Up-to-date: /home/hqd/桌面/ws02_tools/install/cpp02_rosbag/share/cpp02_rosbag/package.xml
