[0.019s] Invoking command in '/home/hqd/桌面/ws02_tools/build/cpp02_rosbag': CMAKE_PREFIX_PATH=${CMAKE_PREFIX_PATH}:/opt/ros/humble /usr/bin/cmake --build /home/hqd/桌面/ws02_tools/build/cpp02_rosbag -- -j2 -l2
[0.119s] gmake[1]: Entering directory '/home/hqd/桌面/ws02_tools/build/cpp02_rosbag'
[0.124s] gmake[2]: Entering directory '/home/hqd/桌面/ws02_tools/build/cpp02_rosbag'
[0.125s] gmake[2]: Entering directory '/home/hqd/桌面/ws02_tools/build/cpp02_rosbag'
[0.136s] [35m[1mScanning dependencies of target demo01_writer[0m
[0.165s] [35m[1mScanning dependencies of target demo02_reader[0m
[0.204s] gmake[2]: Leaving directory '/home/hqd/桌面/ws02_tools/build/cpp02_rosbag'
[0.218s] gmake[2]: Entering directory '/home/hqd/桌面/ws02_tools/build/cpp02_rosbag'
[0.227s] gmake[2]: Leaving directory '/home/hqd/桌面/ws02_tools/build/cpp02_rosbag'
[0.233s] gmake[2]: Entering directory '/home/hqd/桌面/ws02_tools/build/cpp02_rosbag'
[0.237s] [ 25%] [32mBuilding CXX object CMakeFiles/demo01_writer.dir/src/demo01_writer.cpp.o[0m
[0.244s] [ 50%] [32mBuilding CXX object CMakeFiles/demo02_reader.dir/src/demo02_reader.cpp.o[0m
[3.350s] In file included from [01m[K/opt/ros/humble/include/rclcpp/rclcpp/logging.hpp:24[m[K,
[3.350s]                  from [01m[K/opt/ros/humble/include/rclcpp/rclcpp/client.hpp:40[m[K,
[3.350s]                  from [01m[K/opt/ros/humble/include/rclcpp/rclcpp/callback_group.hpp:24[m[K,
[3.350s]                  from [01m[K/opt/ros/humble/include/rclcpp/rclcpp/any_executable.hpp:20[m[K,
[3.350s]                  from [01m[K/opt/ros/humble/include/rclcpp/rclcpp/memory_strategy.hpp:25[m[K,
[3.350s]                  from [01m[K/opt/ros/humble/include/rclcpp/rclcpp/memory_strategies.hpp:18[m[K,
[3.350s]                  from [01m[K/opt/ros/humble/include/rclcpp/rclcpp/executor_options.hpp:20[m[K,
[3.350s]                  from [01m[K/opt/ros/humble/include/rclcpp/rclcpp/executor.hpp:37[m[K,
[3.350s]                  from [01m[K/opt/ros/humble/include/rclcpp/rclcpp/executors/multi_threaded_executor.hpp:25[m[K,
[3.351s]                  from [01m[K/opt/ros/humble/include/rclcpp/rclcpp/executors.hpp:21[m[K,
[3.351s]                  from [01m[K/opt/ros/humble/include/rclcpp/rclcpp/rclcpp.hpp:155[m[K,
[3.351s]                  from [01m[K/home/hqd/桌面/ws02_tools/src/cpp02_rosbag/src/demo02_reader.cpp:17[m[K:
[3.351s] [01m[K/home/hqd/桌面/ws02_tools/src/cpp02_rosbag/src/demo02_reader.cpp:[m[K In constructor ‘[01m[KSimpleBagPlayer::SimpleBagPlayer()[m[K’:
[3.351s] [01m[K/home/hqd/桌面/ws02_tools/src/cpp02_rosbag/src/demo02_reader.cpp:36:45:[m[K [01;35m[Kwarning: [m[Kunknown conversion type character ‘[01m[K\xe3[m[K’ in format [[01;35m[K]8;;https://gcc.gnu.org/onlinedocs/gcc/Warning-Options.html#index-Wformat=-Wformat=]8;;[m[K]
[3.351s]    36 |             RCLCPP_INFO(this->get_logger(), [01;35m[K"线速度：%。2f,角速度：%.2f"[m[K, twist.linear.x, twist.angular.z);
[3.351s]       |                                             [01;35m[K^~~~~~~~~~~~~~~~~~~~~~~~~~~~[m[K
[3.351s] [01m[K/home/hqd/桌面/ws02_tools/src/cpp02_rosbag/src/demo02_reader.cpp:36:55:[m[K [01;36m[Knote: [m[Kformat string is defined here
[3.351s]    36 |             RCLCPP_INFO(this->get_logger(), "线速度：%[01;36m[K。[m[K2f,角速度：%.2f", twist.linear.x, twist.angular.z);
[3.351s]       |                                                       [01;36m[K^[m[K
[3.351s] In file included from [01m[K/opt/ros/humble/include/rclcpp/rclcpp/logging.hpp:24[m[K,
[3.351s]                  from [01m[K/opt/ros/humble/include/rclcpp/rclcpp/client.hpp:40[m[K,
[3.351s]                  from [01m[K/opt/ros/humble/include/rclcpp/rclcpp/callback_group.hpp:24[m[K,
[3.351s]                  from [01m[K/opt/ros/humble/include/rclcpp/rclcpp/any_executable.hpp:20[m[K,
[3.352s]                  from [01m[K/opt/ros/humble/include/rclcpp/rclcpp/memory_strategy.hpp:25[m[K,
[3.352s]                  from [01m[K/opt/ros/humble/include/rclcpp/rclcpp/memory_strategies.hpp:18[m[K,
[3.352s]                  from [01m[K/opt/ros/humble/include/rclcpp/rclcpp/executor_options.hpp:20[m[K,
[3.352s]                  from [01m[K/opt/ros/humble/include/rclcpp/rclcpp/executor.hpp:37[m[K,
[3.352s]                  from [01m[K/opt/ros/humble/include/rclcpp/rclcpp/executors/multi_threaded_executor.hpp:25[m[K,
[3.352s]                  from [01m[K/opt/ros/humble/include/rclcpp/rclcpp/executors.hpp:21[m[K,
[3.352s]                  from [01m[K/opt/ros/humble/include/rclcpp/rclcpp/rclcpp.hpp:155[m[K,
[3.352s]                  from [01m[K/home/hqd/桌面/ws02_tools/src/cpp02_rosbag/src/demo02_reader.cpp:17[m[K:
[3.352s] [01m[K/home/hqd/桌面/ws02_tools/src/cpp02_rosbag/src/demo02_reader.cpp:36:45:[m[K [01;35m[Kwarning: [m[Ktoo many arguments for format [[01;35m[K]8;;https://gcc.gnu.org/onlinedocs/gcc/Warning-Options.html#index-Wformat-extra-args-Wformat-extra-args]8;;[m[K]
[3.352s]    36 |             RCLCPP_INFO(this->get_logger(), [01;35m[K"线速度：%。2f,角速度：%.2f"[m[K, twist.linear.x, twist.angular.z);
[3.352s]       |                                             [01;35m[K^~~~~~~~~~~~~~~~~~~~~~~~~~~~[m[K
[4.092s] [ 75%] [32m[1mLinking CXX executable demo02_reader[0m
[4.269s] gmake[2]: Leaving directory '/home/hqd/桌面/ws02_tools/build/cpp02_rosbag'
[4.278s] [ 75%] Built target demo02_reader
[8.186s] [100%] [32m[1mLinking CXX executable demo01_writer[0m
[8.491s] gmake[2]: Leaving directory '/home/hqd/桌面/ws02_tools/build/cpp02_rosbag'
[8.499s] [100%] Built target demo01_writer
[8.499s] gmake[1]: Leaving directory '/home/hqd/桌面/ws02_tools/build/cpp02_rosbag'
[8.509s] Invoked command in '/home/hqd/桌面/ws02_tools/build/cpp02_rosbag' returned '0': CMAKE_PREFIX_PATH=${CMAKE_PREFIX_PATH}:/opt/ros/humble /usr/bin/cmake --build /home/hqd/桌面/ws02_tools/build/cpp02_rosbag -- -j2 -l2
[8.525s] Invoking command in '/home/hqd/桌面/ws02_tools/build/cpp02_rosbag': CMAKE_PREFIX_PATH=${CMAKE_PREFIX_PATH}:/opt/ros/humble /usr/bin/cmake --install /home/hqd/桌面/ws02_tools/build/cpp02_rosbag
[8.538s] -- Install configuration: ""
[8.539s] -- Installing: /home/hqd/桌面/ws02_tools/install/cpp02_rosbag/lib/cpp02_rosbag/demo01_writer
[8.543s] -- Set runtime path of "/home/hqd/桌面/ws02_tools/install/cpp02_rosbag/lib/cpp02_rosbag/demo01_writer" to ""
[8.544s] -- Installing: /home/hqd/桌面/ws02_tools/install/cpp02_rosbag/lib/cpp02_rosbag/demo02_reader
[8.545s] -- Set runtime path of "/home/hqd/桌面/ws02_tools/install/cpp02_rosbag/lib/cpp02_rosbag/demo02_reader" to ""
[8.545s] -- Up-to-date: /home/hqd/桌面/ws02_tools/install/cpp02_rosbag/share/ament_index/resource_index/package_run_dependencies/cpp02_rosbag
[8.545s] -- Up-to-date: /home/hqd/桌面/ws02_tools/install/cpp02_rosbag/share/ament_index/resource_index/parent_prefix_path/cpp02_rosbag
[8.545s] -- Up-to-date: /home/hqd/桌面/ws02_tools/install/cpp02_rosbag/share/cpp02_rosbag/environment/ament_prefix_path.sh
[8.546s] -- Up-to-date: /home/hqd/桌面/ws02_tools/install/cpp02_rosbag/share/cpp02_rosbag/environment/ament_prefix_path.dsv
[8.546s] -- Up-to-date: /home/hqd/桌面/ws02_tools/install/cpp02_rosbag/share/cpp02_rosbag/environment/path.sh
[8.546s] -- Up-to-date: /home/hqd/桌面/ws02_tools/install/cpp02_rosbag/share/cpp02_rosbag/environment/path.dsv
[8.546s] -- Up-to-date: /home/hqd/桌面/ws02_tools/install/cpp02_rosbag/share/cpp02_rosbag/local_setup.bash
[8.546s] -- Up-to-date: /home/hqd/桌面/ws02_tools/install/cpp02_rosbag/share/cpp02_rosbag/local_setup.sh
[8.546s] -- Up-to-date: /home/hqd/桌面/ws02_tools/install/cpp02_rosbag/share/cpp02_rosbag/local_setup.zsh
[8.546s] -- Up-to-date: /home/hqd/桌面/ws02_tools/install/cpp02_rosbag/share/cpp02_rosbag/local_setup.dsv
[8.546s] -- Installing: /home/hqd/桌面/ws02_tools/install/cpp02_rosbag/share/cpp02_rosbag/package.dsv
[8.547s] -- Up-to-date: /home/hqd/桌面/ws02_tools/install/cpp02_rosbag/share/ament_index/resource_index/packages/cpp02_rosbag
[8.547s] -- Up-to-date: /home/hqd/桌面/ws02_tools/install/cpp02_rosbag/share/cpp02_rosbag/cmake/cpp02_rosbagConfig.cmake
[8.547s] -- Up-to-date: /home/hqd/桌面/ws02_tools/install/cpp02_rosbag/share/cpp02_rosbag/cmake/cpp02_rosbagConfig-version.cmake
[8.547s] -- Up-to-date: /home/hqd/桌面/ws02_tools/install/cpp02_rosbag/share/cpp02_rosbag/package.xml
[8.549s] Invoked command in '/home/hqd/桌面/ws02_tools/build/cpp02_rosbag' returned '0': CMAKE_PREFIX_PATH=${CMAKE_PREFIX_PATH}:/opt/ros/humble /usr/bin/cmake --install /home/hqd/桌面/ws02_tools/build/cpp02_rosbag
