[0.050s] Invoking command in '/home/hqd/桌面/ws02_tools/build/cpp05_exercise': CMAKE_PREFIX_PATH=${CMAKE_PREFIX_PATH}:/opt/ros/humble /usr/bin/cmake --build /home/hqd/桌面/ws02_tools/build/cpp05_exercise -- -j2 -l2
[0.259s] -- Found ament_cmake: 1.3.14 (/opt/ros/humble/share/ament_cmake/cmake)
[0.610s] -- Found rclcpp: 16.0.19 (/opt/ros/humble/share/rclcpp/cmake)
[0.712s] -- Found rosidl_generator_c: 3.1.9 (/opt/ros/humble/share/rosidl_generator_c/cmake)
[0.721s] -- Found rosidl_adapter: 3.1.9 (/opt/ros/humble/share/rosidl_adapter/cmake)
[0.755s] -- Found rosidl_generator_cpp: 3.1.9 (/opt/ros/humble/share/rosidl_generator_cpp/cmake)
[0.790s] -- Using all available rosidl_typesupport_c: rosidl_typesupport_fastrtps_c;rosidl_typesupport_introspection_c
[0.828s] -- Using all available rosidl_typesupport_cpp: rosidl_typesupport_fastrtps_cpp;rosidl_typesupport_introspection_cpp
[0.934s] -- Found rmw_implementation_cmake: 6.1.3 (/opt/ros/humble/share/rmw_implementation_cmake/cmake)
[0.942s] -- Found rmw_fastrtps_cpp: 6.2.10 (/opt/ros/humble/share/rmw_fastrtps_cpp/cmake)
[1.142s] -- Using RMW implementation 'rmw_fastrtps_cpp' as default
[1.287s] -- Found tf2: 0.25.22 (/opt/ros/humble/share/tf2/cmake)
[1.369s] -- Found tf2_ros: 0.25.22 (/opt/ros/humble/share/tf2_ros/cmake)
[1.605s] -- Found turtlesim: 1.4.3 (/opt/ros/humble/share/turtlesim/cmake)
[1.661s] -- Found ament_lint_auto: 0.12.15 (/opt/ros/humble/share/ament_lint_auto/cmake)
[1.825s] -- Added test 'cppcheck' to perform static code analysis on C / C++ code
[1.825s] -- Configured cppcheck include dirs: $<BUILD_INTERFACE:/home/hqd/桌面/ws02_tools/src/cpp05_exercise/include>
[1.825s] -- Configured cppcheck exclude dirs and/or files: 
[1.828s] -- Added test 'flake8' to check Python code syntax and style conventions
[1.830s] -- Added test 'lint_cmake' to check CMake code style
[1.832s] -- Added test 'pep257' to check Python code against some of the docstring style conventions in PEP 257
[1.836s] -- Added test 'uncrustify' to check C / C++ code style
[1.837s] -- Configured uncrustify additional arguments: 
[1.837s] -- Added test 'xmllint' to check XML markup files
[1.849s] -- Configuring done
[1.901s] -- Generating done
[1.921s] -- Build files have been written to: /home/hqd/桌面/ws02_tools/build/cpp05_exercise
[1.954s] gmake[1]: Entering directory '/home/hqd/桌面/ws02_tools/build/cpp05_exercise'
[1.957s] gmake[2]: Entering directory '/home/hqd/桌面/ws02_tools/build/cpp05_exercise'
[1.960s] gmake[2]: Entering directory '/home/hqd/桌面/ws02_tools/build/cpp05_exercise'
[1.969s] [35m[1mScanning dependencies of target exer02_tf_broadcaster[0m
[1.974s] gmake[2]: Leaving directory '/home/hqd/桌面/ws02_tools/build/cpp05_exercise'
[2.024s] [ 50%] Built target exer01_tf_spawn
[2.223s] gmake[2]: Leaving directory '/home/hqd/桌面/ws02_tools/build/cpp05_exercise'
[2.245s] gmake[2]: Entering directory '/home/hqd/桌面/ws02_tools/build/cpp05_exercise'
[2.264s] [ 75%] [32mBuilding CXX object CMakeFiles/exer02_tf_broadcaster.dir/src/exer02_tf_broadcaster.cpp.o[0m
[13.550s] [100%] [32m[1mLinking CXX executable exer02_tf_broadcaster[0m
[14.375s] gmake[2]: Leaving directory '/home/hqd/桌面/ws02_tools/build/cpp05_exercise'
[14.429s] [100%] Built target exer02_tf_broadcaster
[14.430s] gmake[1]: Leaving directory '/home/hqd/桌面/ws02_tools/build/cpp05_exercise'
[14.551s] Invoked command in '/home/hqd/桌面/ws02_tools/build/cpp05_exercise' returned '0': CMAKE_PREFIX_PATH=${CMAKE_PREFIX_PATH}:/opt/ros/humble /usr/bin/cmake --build /home/hqd/桌面/ws02_tools/build/cpp05_exercise -- -j2 -l2
[14.582s] Invoking command in '/home/hqd/桌面/ws02_tools/build/cpp05_exercise': CMAKE_PREFIX_PATH=${CMAKE_PREFIX_PATH}:/opt/ros/humble /usr/bin/cmake --install /home/hqd/桌面/ws02_tools/build/cpp05_exercise
[14.640s] -- Install configuration: ""
[14.651s] -- Up-to-date: /home/hqd/桌面/ws02_tools/install/cpp05_exercise/lib/cpp05_exercise/exer01_tf_spawn
[14.651s] -- Installing: /home/hqd/桌面/ws02_tools/install/cpp05_exercise/lib/cpp05_exercise/exer02_tf_broadcaster
[14.664s] -- Set runtime path of "/home/hqd/桌面/ws02_tools/install/cpp05_exercise/lib/cpp05_exercise/exer02_tf_broadcaster" to ""
[14.666s] -- Up-to-date: /home/hqd/桌面/ws02_tools/install/cpp05_exercise/share/cpp05_exercise//launch
[14.666s] -- Installing: /home/hqd/桌面/ws02_tools/install/cpp05_exercise/share/cpp05_exercise//launch/follow.launch.py
[14.668s] -- Up-to-date: /home/hqd/桌面/ws02_tools/install/cpp05_exercise/share/ament_index/resource_index/package_run_dependencies/cpp05_exercise
[14.668s] -- Up-to-date: /home/hqd/桌面/ws02_tools/install/cpp05_exercise/share/ament_index/resource_index/parent_prefix_path/cpp05_exercise
[14.669s] -- Up-to-date: /home/hqd/桌面/ws02_tools/install/cpp05_exercise/share/cpp05_exercise/environment/ament_prefix_path.sh
[14.669s] -- Installing: /home/hqd/桌面/ws02_tools/install/cpp05_exercise/share/cpp05_exercise/environment/ament_prefix_path.dsv
[14.670s] -- Up-to-date: /home/hqd/桌面/ws02_tools/install/cpp05_exercise/share/cpp05_exercise/environment/path.sh
[14.670s] -- Installing: /home/hqd/桌面/ws02_tools/install/cpp05_exercise/share/cpp05_exercise/environment/path.dsv
[14.671s] -- Up-to-date: /home/hqd/桌面/ws02_tools/install/cpp05_exercise/share/cpp05_exercise/local_setup.bash
[14.672s] -- Up-to-date: /home/hqd/桌面/ws02_tools/install/cpp05_exercise/share/cpp05_exercise/local_setup.sh
[14.672s] -- Up-to-date: /home/hqd/桌面/ws02_tools/install/cpp05_exercise/share/cpp05_exercise/local_setup.zsh
[14.672s] -- Installing: /home/hqd/桌面/ws02_tools/install/cpp05_exercise/share/cpp05_exercise/local_setup.dsv
[14.674s] -- Installing: /home/hqd/桌面/ws02_tools/install/cpp05_exercise/share/cpp05_exercise/package.dsv
[14.675s] -- Up-to-date: /home/hqd/桌面/ws02_tools/install/cpp05_exercise/share/ament_index/resource_index/packages/cpp05_exercise
[14.675s] -- Up-to-date: /home/hqd/桌面/ws02_tools/install/cpp05_exercise/share/cpp05_exercise/cmake/cpp05_exerciseConfig.cmake
[14.675s] -- Up-to-date: /home/hqd/桌面/ws02_tools/install/cpp05_exercise/share/cpp05_exercise/cmake/cpp05_exerciseConfig-version.cmake
[14.676s] -- Up-to-date: /home/hqd/桌面/ws02_tools/install/cpp05_exercise/share/cpp05_exercise/package.xml
[14.679s] Invoked command in '/home/hqd/桌面/ws02_tools/build/cpp05_exercise' returned '0': CMAKE_PREFIX_PATH=${CMAKE_PREFIX_PATH}:/opt/ros/humble /usr/bin/cmake --install /home/hqd/桌面/ws02_tools/build/cpp05_exercise
