[0.045s] Invoking command in '/home/hqd/桌面/ws02_tools/build/cpp04_tf_listener': CMAKE_PREFIX_PATH=/opt/ros/humble /usr/bin/cmake /home/hqd/桌面/ws02_tools/src/cpp04_tf_listener -DCMAKE_INSTALL_PREFIX=/home/hqd/桌面/ws02_tools/install/cpp04_tf_listener
[0.440s] -- The C compiler identification is GNU 11.4.0
[0.813s] -- The CXX compiler identification is GNU 11.4.0
[0.833s] -- Check for working C compiler: /usr/bin/cc
[1.242s] -- Check for working C compiler: /usr/bin/cc -- works
[1.246s] -- Detecting C compiler ABI info
[1.598s] -- Detecting C compiler ABI info - done
[1.611s] -- Detecting C compile features
[1.614s] -- Detecting C compile features - done
[1.638s] -- Check for working CXX compiler: /usr/bin/c++
[1.882s] -- Check for working CXX compiler: /usr/bin/c++ -- works
[1.882s] -- Detecting CXX compiler ABI info
[2.174s] -- Detecting CXX compiler ABI info - done
[2.179s] -- Detecting CXX compile features
[2.194s] -- Detecting CXX compile features - done
[2.211s] -- Found ament_cmake: 1.3.14 (/opt/ros/humble/share/ament_cmake/cmake)
[2.460s] -- Found Python3: /usr/bin/python3 (found version "3.10.12") found components: Interpreter 
[2.639s] -- Found rclcpp: 16.0.19 (/opt/ros/humble/share/rclcpp/cmake)
[2.754s] -- Found rosidl_generator_c: 3.1.9 (/opt/ros/humble/share/rosidl_generator_c/cmake)
[2.760s] -- Found rosidl_adapter: 3.1.9 (/opt/ros/humble/share/rosidl_adapter/cmake)
[2.777s] -- Found rosidl_generator_cpp: 3.1.9 (/opt/ros/humble/share/rosidl_generator_cpp/cmake)
[2.808s] -- Using all available rosidl_typesupport_c: rosidl_typesupport_fastrtps_c;rosidl_typesupport_introspection_c
[2.842s] -- Using all available rosidl_typesupport_cpp: rosidl_typesupport_fastrtps_cpp;rosidl_typesupport_introspection_cpp
[2.940s] -- Found rmw_implementation_cmake: 6.1.3 (/opt/ros/humble/share/rmw_implementation_cmake/cmake)
[2.950s] -- Found rmw_fastrtps_cpp: 6.2.10 (/opt/ros/humble/share/rmw_fastrtps_cpp/cmake)
[3.344s] -- Found OpenSSL: /usr/lib/x86_64-linux-gnu/libcrypto.so   
[3.426s] -- Found FastRTPS: /opt/ros/humble/include  
[3.502s] -- Using RMW implementation 'rmw_fastrtps_cpp' as default
[3.531s] -- Looking for pthread.h
[3.730s] -- Looking for pthread.h - found
[3.734s] -- Performing Test CMAKE_HAVE_LIBC_PTHREAD
[3.999s] -- Performing Test CMAKE_HAVE_LIBC_PTHREAD - Success
[4.000s] -- Found Threads: TRUE  
[4.126s] -- Found tf2: 0.25.22 (/opt/ros/humble/share/tf2/cmake)
[4.175s] -- Found tf2_ros: 0.25.22 (/opt/ros/humble/share/tf2_ros/cmake)
[4.484s] -- Found ament_lint_auto: 0.12.15 (/opt/ros/humble/share/ament_lint_auto/cmake)
[4.634s] -- Added test 'cppcheck' to perform static code analysis on C / C++ code
[4.635s] -- Configured cppcheck include dirs: $<BUILD_INTERFACE:/home/hqd/桌面/ws02_tools/src/cpp04_tf_listener/include>
[4.636s] -- Configured cppcheck exclude dirs and/or files: 
[4.638s] -- Added test 'lint_cmake' to check CMake code style
[4.646s] -- Added test 'uncrustify' to check C / C++ code style
[4.646s] -- Configured uncrustify additional arguments: 
[4.652s] -- Added test 'xmllint' to check XML markup files
[4.657s] -- Configuring done
[4.686s] -- Generating done
[4.699s] -- Build files have been written to: /home/hqd/桌面/ws02_tools/build/cpp04_tf_listener
[4.718s] Invoked command in '/home/hqd/桌面/ws02_tools/build/cpp04_tf_listener' returned '0': CMAKE_PREFIX_PATH=/opt/ros/humble /usr/bin/cmake /home/hqd/桌面/ws02_tools/src/cpp04_tf_listener -DCMAKE_INSTALL_PREFIX=/home/hqd/桌面/ws02_tools/install/cpp04_tf_listener
[4.718s] Invoking command in '/home/hqd/桌面/ws02_tools/build/cpp04_tf_listener': CMAKE_PREFIX_PATH=/opt/ros/humble /usr/bin/cmake --build /home/hqd/桌面/ws02_tools/build/cpp04_tf_listener -- -j2 -l2
[4.816s] gmake[1]: Entering directory '/home/hqd/桌面/ws02_tools/build/cpp04_tf_listener'
[4.826s] gmake[2]: Entering directory '/home/hqd/桌面/ws02_tools/build/cpp04_tf_listener'
[4.863s] [35m[1mScanning dependencies of target demo01_tf_listener[0m
[5.054s] gmake[2]: Leaving directory '/home/hqd/桌面/ws02_tools/build/cpp04_tf_listener'
[5.072s] gmake[2]: Entering directory '/home/hqd/桌面/ws02_tools/build/cpp04_tf_listener'
[5.084s] [ 50%] [32mBuilding CXX object CMakeFiles/demo01_tf_listener.dir/src/demo01_tf_listener.cpp.o[0m
[5.532s] [01m[K/home/hqd/桌面/ws02_tools/src/cpp04_tf_listener/src/demo01_tf_listener.cpp:20:10:[m[K [01;31m[Kfatal error: [m[Ktf2_geometry_msgs/tf2_geometry_msgs.h: No such file or directory
[5.532s]    20 | #include [01;31m[K"tf2_geometry_msgs/tf2_geometry_msgs.h"[m[K // 头文件中包含了tf2的相关函数
[5.532s]       |          [01;31m[K^~~~~~~~~~~~~~~~~~~~~~~~~~~~~~~~~~~~~~~[m[K
[5.532s] compilation terminated.
[5.535s] gmake[2]: *** [CMakeFiles/demo01_tf_listener.dir/build.make:63: CMakeFiles/demo01_tf_listener.dir/src/demo01_tf_listener.cpp.o] Error 1
[5.535s] gmake[2]: Leaving directory '/home/hqd/桌面/ws02_tools/build/cpp04_tf_listener'
[5.535s] gmake[1]: *** [CMakeFiles/Makefile2:78: CMakeFiles/demo01_tf_listener.dir/all] Error 2
[5.535s] gmake[1]: Leaving directory '/home/hqd/桌面/ws02_tools/build/cpp04_tf_listener'
[5.537s] gmake: *** [Makefile:141: all] Error 2
[5.538s] Invoked command in '/home/hqd/桌面/ws02_tools/build/cpp04_tf_listener' returned '2': CMAKE_PREFIX_PATH=/opt/ros/humble /usr/bin/cmake --build /home/hqd/桌面/ws02_tools/build/cpp04_tf_listener -- -j2 -l2
