[0.050s] Invoking command in '/home/hqd/桌面/ws02_tools/build/cpp03_tf_broadcaster': CMAKE_PREFIX_PATH=/opt/ros/humble /usr/bin/cmake --build /home/hqd/桌面/ws02_tools/build/cpp03_tf_broadcaster -- -j2 -l2
[0.144s] gmake[1]: Entering directory '/home/hqd/桌面/ws02_tools/build/cpp03_tf_broadcaster'
[0.152s] gmake[2]: Entering directory '/home/hqd/桌面/ws02_tools/build/cpp03_tf_broadcaster'
[0.158s] gmake[2]: Entering directory '/home/hqd/桌面/ws02_tools/build/cpp03_tf_broadcaster'
[0.176s] gmake[2]: Leaving directory '/home/hqd/桌面/ws02_tools/build/cpp03_tf_broadcaster'
[0.195s] gmake[2]: Leaving directory '/home/hqd/桌面/ws02_tools/build/cpp03_tf_broadcaster'
[0.248s] [ 33%] Built target demo02_dynamic_tf_broadcaster
[0.277s] gmake[2]: Entering directory '/home/hqd/桌面/ws02_tools/build/cpp03_tf_broadcaster'
[0.280s] [ 66%] Built target demo03_point_tf_broadcaster
[0.320s] gmake[2]: Leaving directory '/home/hqd/桌面/ws02_tools/build/cpp03_tf_broadcaster'
[0.368s] [100%] Built target demo01_static_tf_broadcaster
[0.371s] gmake[1]: Leaving directory '/home/hqd/桌面/ws02_tools/build/cpp03_tf_broadcaster'
[0.397s] Invoked command in '/home/hqd/桌面/ws02_tools/build/cpp03_tf_broadcaster' returned '0': CMAKE_PREFIX_PATH=/opt/ros/humble /usr/bin/cmake --build /home/hqd/桌面/ws02_tools/build/cpp03_tf_broadcaster -- -j2 -l2
[0.417s] Invoking command in '/home/hqd/桌面/ws02_tools/build/cpp03_tf_broadcaster': CMAKE_PREFIX_PATH=/opt/ros/humble /usr/bin/cmake --install /home/hqd/桌面/ws02_tools/build/cpp03_tf_broadcaster
[0.434s] -- Install configuration: ""
[0.439s] -- Up-to-date: /home/hqd/桌面/ws02_tools/install/cpp03_tf_broadcaster/lib/cpp03_tf_broadcaster/demo01_static_tf_broadcaster
[0.445s] -- Up-to-date: /home/hqd/桌面/ws02_tools/install/cpp03_tf_broadcaster/lib/cpp03_tf_broadcaster/demo02_dynamic_tf_broadcaster
[0.449s] -- Up-to-date: /home/hqd/桌面/ws02_tools/install/cpp03_tf_broadcaster/lib/cpp03_tf_broadcaster/demo03_point_tf_broadcaster
[0.450s] -- Up-to-date: /home/hqd/桌面/ws02_tools/install/cpp03_tf_broadcaster/share/ament_index/resource_index/package_run_dependencies/cpp03_tf_broadcaster
[0.450s] -- Up-to-date: /home/hqd/桌面/ws02_tools/install/cpp03_tf_broadcaster/share/ament_index/resource_index/parent_prefix_path/cpp03_tf_broadcaster
[0.450s] -- Up-to-date: /home/hqd/桌面/ws02_tools/install/cpp03_tf_broadcaster/share/cpp03_tf_broadcaster/environment/ament_prefix_path.sh
[0.451s] -- Up-to-date: /home/hqd/桌面/ws02_tools/install/cpp03_tf_broadcaster/share/cpp03_tf_broadcaster/environment/ament_prefix_path.dsv
[0.451s] -- Up-to-date: /home/hqd/桌面/ws02_tools/install/cpp03_tf_broadcaster/share/cpp03_tf_broadcaster/environment/path.sh
[0.451s] -- Up-to-date: /home/hqd/桌面/ws02_tools/install/cpp03_tf_broadcaster/share/cpp03_tf_broadcaster/environment/path.dsv
[0.451s] -- Up-to-date: /home/hqd/桌面/ws02_tools/install/cpp03_tf_broadcaster/share/cpp03_tf_broadcaster/local_setup.bash
[0.452s] -- Up-to-date: /home/hqd/桌面/ws02_tools/install/cpp03_tf_broadcaster/share/cpp03_tf_broadcaster/local_setup.sh
[0.452s] -- Up-to-date: /home/hqd/桌面/ws02_tools/install/cpp03_tf_broadcaster/share/cpp03_tf_broadcaster/local_setup.zsh
[0.452s] -- Up-to-date: /home/hqd/桌面/ws02_tools/install/cpp03_tf_broadcaster/share/cpp03_tf_broadcaster/local_setup.dsv
[0.452s] -- Installing: /home/hqd/桌面/ws02_tools/install/cpp03_tf_broadcaster/share/cpp03_tf_broadcaster/package.dsv
[0.455s] -- Up-to-date: /home/hqd/桌面/ws02_tools/install/cpp03_tf_broadcaster/share/ament_index/resource_index/packages/cpp03_tf_broadcaster
[0.455s] -- Up-to-date: /home/hqd/桌面/ws02_tools/install/cpp03_tf_broadcaster/share/cpp03_tf_broadcaster/cmake/cpp03_tf_broadcasterConfig.cmake
[0.455s] -- Up-to-date: /home/hqd/桌面/ws02_tools/install/cpp03_tf_broadcaster/share/cpp03_tf_broadcaster/cmake/cpp03_tf_broadcasterConfig-version.cmake
[0.455s] -- Up-to-date: /home/hqd/桌面/ws02_tools/install/cpp03_tf_broadcaster/share/cpp03_tf_broadcaster/package.xml
[0.461s] Invoked command in '/home/hqd/桌面/ws02_tools/build/cpp03_tf_broadcaster' returned '0': CMAKE_PREFIX_PATH=/opt/ros/humble /usr/bin/cmake --install /home/hqd/桌面/ws02_tools/build/cpp03_tf_broadcaster
