[0.015s] Invoking command in '/home/hqd/桌面/ws02_tools/build/cpp05_exercise': CMAKE_PREFIX_PATH=${CMAKE_PREFIX_PATH}:/opt/ros/humble /usr/bin/cmake --build /home/hqd/桌面/ws02_tools/build/cpp05_exercise -- -j2 -l2
[0.080s] -- Found ament_cmake: 1.3.14 (/opt/ros/humble/share/ament_cmake/cmake)
[0.492s] -- Found rclcpp: 16.0.19 (/opt/ros/humble/share/rclcpp/cmake)
[0.590s] -- Found rosidl_generator_c: 3.1.9 (/opt/ros/humble/share/rosidl_generator_c/cmake)
[0.599s] -- Found rosidl_adapter: 3.1.9 (/opt/ros/humble/share/rosidl_adapter/cmake)
[0.632s] -- Found rosidl_generator_cpp: 3.1.9 (/opt/ros/humble/share/rosidl_generator_cpp/cmake)
[0.666s] -- Using all available rosidl_typesupport_c: rosidl_typesupport_fastrtps_c;rosidl_typesupport_introspection_c
[0.706s] -- Using all available rosidl_typesupport_cpp: rosidl_typesupport_fastrtps_cpp;rosidl_typesupport_introspection_cpp
[0.815s] -- Found rmw_implementation_cmake: 6.1.3 (/opt/ros/humble/share/rmw_implementation_cmake/cmake)
[0.823s] -- Found rmw_fastrtps_cpp: 6.2.10 (/opt/ros/humble/share/rmw_fastrtps_cpp/cmake)
[1.021s] -- Using RMW implementation 'rmw_fastrtps_cpp' as default
[1.218s] -- Found tf2: 0.25.22 (/opt/ros/humble/share/tf2/cmake)
[1.279s] -- Found tf2_ros: 0.25.22 (/opt/ros/humble/share/tf2_ros/cmake)
[1.520s] -- Found turtlesim: 1.4.3 (/opt/ros/humble/share/turtlesim/cmake)
[1.564s] CMake Error at CMakeLists.txt:34 (add_executable):
[1.565s]   add_executable cannot create target "exer02_tf_broadcaster" because another
[1.565s]   target with the same name already exists.  The existing target is an
[1.565s]   executable created in source directory
[1.565s]   "/home/hqd/桌面/ws02_tools/src/cpp05_exercise".  See documentation for
[1.565s]   policy CMP0002 for more details.
[1.565s] 
[1.565s] 
[1.570s] -- Found ament_lint_auto: 0.12.15 (/opt/ros/humble/share/ament_lint_auto/cmake)
[1.718s] -- Added test 'cppcheck' to perform static code analysis on C / C++ code
[1.718s] -- Configured cppcheck include dirs: $<BUILD_INTERFACE:/home/hqd/桌面/ws02_tools/src/cpp05_exercise/include>
[1.718s] -- Configured cppcheck exclude dirs and/or files: 
[1.720s] -- Added test 'flake8' to check Python code syntax and style conventions
[1.722s] -- Added test 'lint_cmake' to check CMake code style
[1.723s] -- Added test 'pep257' to check Python code against some of the docstring style conventions in PEP 257
[1.725s] -- Added test 'uncrustify' to check C / C++ code style
[1.726s] -- Configured uncrustify additional arguments: 
[1.727s] -- Added test 'xmllint' to check XML markup files
[1.738s] -- Configuring incomplete, errors occurred!
[1.738s] See also "/home/hqd/桌面/ws02_tools/build/cpp05_exercise/CMakeFiles/CMakeOutput.log".
[1.753s] gmake: *** [Makefile:310: cmake_check_build_system] Error 1
[1.753s] Invoked command in '/home/hqd/桌面/ws02_tools/build/cpp05_exercise' returned '2': CMAKE_PREFIX_PATH=${CMAKE_PREFIX_PATH}:/opt/ros/humble /usr/bin/cmake --build /home/hqd/桌面/ws02_tools/build/cpp05_exercise -- -j2 -l2
