[0.023s] Invoking command in '/home/hqd/桌面/ws02_tools/build/cpp06_urdf': CMAKE_PREFIX_PATH=${CMAKE_PREFIX_PATH}:/opt/ros/humble /usr/bin/cmake --build /home/hqd/桌面/ws02_tools/build/cpp06_urdf -- -j4 -l4
[0.086s] Invoked command in '/home/hqd/桌面/ws02_tools/build/cpp06_urdf' returned '0': CMAKE_PREFIX_PATH=${CMAKE_PREFIX_PATH}:/opt/ros/humble /usr/bin/cmake --build /home/hqd/桌面/ws02_tools/build/cpp06_urdf -- -j4 -l4
[0.098s] Invoking command in '/home/hqd/桌面/ws02_tools/build/cpp06_urdf': CMAKE_PREFIX_PATH=${CMAKE_PREFIX_PATH}:/opt/ros/humble /usr/bin/cmake --install /home/hqd/桌面/ws02_tools/build/cpp06_urdf
[0.109s] -- Install configuration: ""
[0.109s] -- Up-to-date: /home/hqd/桌面/ws02_tools/install/cpp06_urdf/share/cpp06_urdf/launch
[0.109s] -- Installing: /home/hqd/桌面/ws02_tools/install/cpp06_urdf/share/cpp06_urdf/launch/display.launch.py
[0.110s] -- Up-to-date: /home/hqd/桌面/ws02_tools/install/cpp06_urdf/share/cpp06_urdf/rviz
[0.110s] -- Up-to-date: /home/hqd/桌面/ws02_tools/install/cpp06_urdf/share/cpp06_urdf/rviz/urdf.rviz
[0.110s] -- Up-to-date: /home/hqd/桌面/ws02_tools/install/cpp06_urdf/share/cpp06_urdf/urdf
[0.111s] -- Up-to-date: /home/hqd/桌面/ws02_tools/install/cpp06_urdf/share/cpp06_urdf/urdf/urdf
[0.111s] -- Up-to-date: /home/hqd/桌面/ws02_tools/install/cpp06_urdf/share/cpp06_urdf/urdf/urdf/demo01_helloworld.urdf
[0.111s] -- Up-to-date: /home/hqd/桌面/ws02_tools/install/cpp06_urdf/share/cpp06_urdf/urdf/urdf/demo01_helloworld_max.urdf
[0.111s] -- Up-to-date: /home/hqd/桌面/ws02_tools/install/cpp06_urdf/share/cpp06_urdf/urdf/xacro
[0.111s] -- Up-to-date: /home/hqd/桌面/ws02_tools/install/cpp06_urdf/share/cpp06_urdf/meshes
[0.111s] -- Up-to-date: /home/hqd/桌面/ws02_tools/install/cpp06_urdf/share/ament_index/resource_index/package_run_dependencies/cpp06_urdf
[0.112s] -- Up-to-date: /home/hqd/桌面/ws02_tools/install/cpp06_urdf/share/ament_index/resource_index/parent_prefix_path/cpp06_urdf
[0.112s] -- Up-to-date: /home/hqd/桌面/ws02_tools/install/cpp06_urdf/share/cpp06_urdf/environment/ament_prefix_path.sh
[0.112s] -- Up-to-date: /home/hqd/桌面/ws02_tools/install/cpp06_urdf/share/cpp06_urdf/environment/ament_prefix_path.dsv
[0.112s] -- Up-to-date: /home/hqd/桌面/ws02_tools/install/cpp06_urdf/share/cpp06_urdf/environment/path.sh
[0.112s] -- Up-to-date: /home/hqd/桌面/ws02_tools/install/cpp06_urdf/share/cpp06_urdf/environment/path.dsv
[0.113s] -- Up-to-date: /home/hqd/桌面/ws02_tools/install/cpp06_urdf/share/cpp06_urdf/local_setup.bash
[0.113s] -- Up-to-date: /home/hqd/桌面/ws02_tools/install/cpp06_urdf/share/cpp06_urdf/local_setup.sh
[0.113s] -- Up-to-date: /home/hqd/桌面/ws02_tools/install/cpp06_urdf/share/cpp06_urdf/local_setup.zsh
[0.113s] -- Up-to-date: /home/hqd/桌面/ws02_tools/install/cpp06_urdf/share/cpp06_urdf/local_setup.dsv
[0.114s] -- Installing: /home/hqd/桌面/ws02_tools/install/cpp06_urdf/share/cpp06_urdf/package.dsv
[0.114s] -- Up-to-date: /home/hqd/桌面/ws02_tools/install/cpp06_urdf/share/ament_index/resource_index/packages/cpp06_urdf
[0.115s] -- Up-to-date: /home/hqd/桌面/ws02_tools/install/cpp06_urdf/share/cpp06_urdf/cmake/cpp06_urdfConfig.cmake
[0.115s] -- Up-to-date: /home/hqd/桌面/ws02_tools/install/cpp06_urdf/share/cpp06_urdf/cmake/cpp06_urdfConfig-version.cmake
[0.115s] -- Up-to-date: /home/hqd/桌面/ws02_tools/install/cpp06_urdf/share/cpp06_urdf/package.xml
[0.118s] Invoked command in '/home/hqd/桌面/ws02_tools/build/cpp06_urdf' returned '0': CMAKE_PREFIX_PATH=${CMAKE_PREFIX_PATH}:/opt/ros/humble /usr/bin/cmake --install /home/hqd/桌面/ws02_tools/build/cpp06_urdf
