[0.006s] Invoking command in '/home/hqd/桌面/ws02_tools/build/cpp05_exercise': CMAKE_PREFIX_PATH=${CMAKE_PREFIX_PATH}:/opt/ros/humble /usr/bin/cmake --build /home/hqd/桌面/ws02_tools/build/cpp05_exercise -- -j2 -l2
[0.046s] -- Found ament_cmake: 1.3.14 (/opt/ros/humble/share/ament_cmake/cmake)
[0.181s] -- Found rclcpp: 16.0.19 (/opt/ros/humble/share/rclcpp/cmake)
[0.205s] -- Found rosidl_generator_c: 3.1.9 (/opt/ros/humble/share/rosidl_generator_c/cmake)
[0.213s] -- Found rosidl_adapter: 3.1.9 (/opt/ros/humble/share/rosidl_adapter/cmake)
[0.219s] -- Found rosidl_generator_cpp: 3.1.9 (/opt/ros/humble/share/rosidl_generator_cpp/cmake)
[0.230s] -- Using all available rosidl_typesupport_c: rosidl_typesupport_fastrtps_c;rosidl_typesupport_introspection_c
[0.242s] -- Using all available rosidl_typesupport_cpp: rosidl_typesupport_fastrtps_cpp;rosidl_typesupport_introspection_cpp
[0.271s] -- Found rmw_implementation_cmake: 6.1.3 (/opt/ros/humble/share/rmw_implementation_cmake/cmake)
[0.273s] -- Found rmw_fastrtps_cpp: 6.2.10 (/opt/ros/humble/share/rmw_fastrtps_cpp/cmake)
[0.347s] -- Using RMW implementation 'rmw_fastrtps_cpp' as default
[0.394s] -- Found tf2: 0.25.22 (/opt/ros/humble/share/tf2/cmake)
[0.409s] -- Found tf2_ros: 0.25.22 (/opt/ros/humble/share/tf2_ros/cmake)
[0.484s] -- Found turtlesim: 1.4.3 (/opt/ros/humble/share/turtlesim/cmake)
[0.509s] -- Found ament_lint_auto: 0.12.15 (/opt/ros/humble/share/ament_lint_auto/cmake)
[0.568s] -- Added test 'cppcheck' to perform static code analysis on C / C++ code
[0.568s] -- Configured cppcheck include dirs: $<BUILD_INTERFACE:/home/hqd/桌面/ws02_tools/src/cpp05_exercise/include>
[0.568s] -- Configured cppcheck exclude dirs and/or files: 
[0.569s] -- Added test 'lint_cmake' to check CMake code style
[0.570s] -- Added test 'uncrustify' to check C / C++ code style
[0.570s] -- Configured uncrustify additional arguments: 
[0.570s] -- Added test 'xmllint' to check XML markup files
[0.573s] -- Configuring done
[0.584s] -- Generating done
[0.589s] -- Build files have been written to: /home/hqd/桌面/ws02_tools/build/cpp05_exercise
[0.604s] gmake[1]: Entering directory '/home/hqd/桌面/ws02_tools/build/cpp05_exercise'
[0.608s] gmake[2]: Entering directory '/home/hqd/桌面/ws02_tools/build/cpp05_exercise'
[0.623s] [35m[1mScanning dependencies of target exer01_tf_spawn[0m
[0.631s] gmake[2]: Leaving directory '/home/hqd/桌面/ws02_tools/build/cpp05_exercise'
[0.641s] gmake[2]: Entering directory '/home/hqd/桌面/ws02_tools/build/cpp05_exercise'
[0.652s] [ 50%] [32mBuilding CXX object CMakeFiles/exer01_tf_spawn.dir/src/exer01_tf_spawn.cpp.o[0m
[4.279s] [100%] [32m[1mLinking CXX executable exer01_tf_spawn[0m
[4.486s] gmake[2]: Leaving directory '/home/hqd/桌面/ws02_tools/build/cpp05_exercise'
[4.493s] [100%] Built target exer01_tf_spawn
[4.494s] gmake[1]: Leaving directory '/home/hqd/桌面/ws02_tools/build/cpp05_exercise'
[4.506s] Invoked command in '/home/hqd/桌面/ws02_tools/build/cpp05_exercise' returned '0': CMAKE_PREFIX_PATH=${CMAKE_PREFIX_PATH}:/opt/ros/humble /usr/bin/cmake --build /home/hqd/桌面/ws02_tools/build/cpp05_exercise -- -j2 -l2
[4.515s] Invoking command in '/home/hqd/桌面/ws02_tools/build/cpp05_exercise': CMAKE_PREFIX_PATH=${CMAKE_PREFIX_PATH}:/opt/ros/humble /usr/bin/cmake --install /home/hqd/桌面/ws02_tools/build/cpp05_exercise
[4.522s] -- Install configuration: ""
[4.522s] -- Installing: /home/hqd/桌面/ws02_tools/install/cpp05_exercise/lib/cpp05_exercise/exer01_tf_spawn
[4.524s] -- Set runtime path of "/home/hqd/桌面/ws02_tools/install/cpp05_exercise/lib/cpp05_exercise/exer01_tf_spawn" to ""
[4.524s] -- Up-to-date: /home/hqd/桌面/ws02_tools/install/cpp05_exercise/share/ament_index/resource_index/package_run_dependencies/cpp05_exercise
[4.524s] -- Installing: /home/hqd/桌面/ws02_tools/install/cpp05_exercise/share/ament_index/resource_index/parent_prefix_path/cpp05_exercise
[4.526s] -- Up-to-date: /home/hqd/桌面/ws02_tools/install/cpp05_exercise/share/cpp05_exercise/environment/ament_prefix_path.sh
[4.526s] -- Installing: /home/hqd/桌面/ws02_tools/install/cpp05_exercise/share/cpp05_exercise/environment/ament_prefix_path.dsv
[4.527s] -- Up-to-date: /home/hqd/桌面/ws02_tools/install/cpp05_exercise/share/cpp05_exercise/environment/path.sh
[4.528s] -- Installing: /home/hqd/桌面/ws02_tools/install/cpp05_exercise/share/cpp05_exercise/environment/path.dsv
[4.528s] -- Up-to-date: /home/hqd/桌面/ws02_tools/install/cpp05_exercise/share/cpp05_exercise/local_setup.bash
[4.528s] -- Up-to-date: /home/hqd/桌面/ws02_tools/install/cpp05_exercise/share/cpp05_exercise/local_setup.sh
[4.528s] -- Up-to-date: /home/hqd/桌面/ws02_tools/install/cpp05_exercise/share/cpp05_exercise/local_setup.zsh
[4.529s] -- Installing: /home/hqd/桌面/ws02_tools/install/cpp05_exercise/share/cpp05_exercise/local_setup.dsv
[4.530s] -- Installing: /home/hqd/桌面/ws02_tools/install/cpp05_exercise/share/cpp05_exercise/package.dsv
[4.531s] -- Up-to-date: /home/hqd/桌面/ws02_tools/install/cpp05_exercise/share/ament_index/resource_index/packages/cpp05_exercise
[4.531s] -- Up-to-date: /home/hqd/桌面/ws02_tools/install/cpp05_exercise/share/cpp05_exercise/cmake/cpp05_exerciseConfig.cmake
[4.531s] -- Up-to-date: /home/hqd/桌面/ws02_tools/install/cpp05_exercise/share/cpp05_exercise/cmake/cpp05_exerciseConfig-version.cmake
[4.532s] -- Up-to-date: /home/hqd/桌面/ws02_tools/install/cpp05_exercise/share/cpp05_exercise/package.xml
[4.534s] Invoked command in '/home/hqd/桌面/ws02_tools/build/cpp05_exercise' returned '0': CMAKE_PREFIX_PATH=${CMAKE_PREFIX_PATH}:/opt/ros/humble /usr/bin/cmake --install /home/hqd/桌面/ws02_tools/build/cpp05_exercise
