[0.035s] Invoking command in '/home/hqd/桌面/ws02_tools/build/cpp03_tf_broadcaster': CMAKE_PREFIX_PATH=${CMAKE_PREFIX_PATH}:/opt/ros/humble /usr/bin/cmake --build /home/hqd/桌面/ws02_tools/build/cpp03_tf_broadcaster -- -j2 -l2
[0.485s] gmake[1]: Entering directory '/home/hqd/桌面/ws02_tools/build/cpp03_tf_broadcaster'
[0.514s] gmake[2]: Entering directory '/home/hqd/桌面/ws02_tools/build/cpp03_tf_broadcaster'
[0.534s] gmake[2]: Entering directory '/home/hqd/桌面/ws02_tools/build/cpp03_tf_broadcaster'
[0.574s] gmake[2]: Leaving directory '/home/hqd/桌面/ws02_tools/build/cpp03_tf_broadcaster'
[0.583s] gmake[2]: Leaving directory '/home/hqd/桌面/ws02_tools/build/cpp03_tf_broadcaster'
[0.666s] [ 33%] Built target demo03_point_tf_broadcaster
[0.683s] [ 66%] Built target demo02_dynamic_tf_broadcaster
[0.687s] gmake[2]: Entering directory '/home/hqd/桌面/ws02_tools/build/cpp03_tf_broadcaster'
[0.758s] gmake[2]: Leaving directory '/home/hqd/桌面/ws02_tools/build/cpp03_tf_broadcaster'
[0.796s] [100%] Built target demo01_static_tf_broadcaster
[0.797s] gmake[1]: Leaving directory '/home/hqd/桌面/ws02_tools/build/cpp03_tf_broadcaster'
[0.819s] Invoked command in '/home/hqd/桌面/ws02_tools/build/cpp03_tf_broadcaster' returned '0': CMAKE_PREFIX_PATH=${CMAKE_PREFIX_PATH}:/opt/ros/humble /usr/bin/cmake --build /home/hqd/桌面/ws02_tools/build/cpp03_tf_broadcaster -- -j2 -l2
[0.846s] Invoking command in '/home/hqd/桌面/ws02_tools/build/cpp03_tf_broadcaster': CMAKE_PREFIX_PATH=${CMAKE_PREFIX_PATH}:/opt/ros/humble /usr/bin/cmake --install /home/hqd/桌面/ws02_tools/build/cpp03_tf_broadcaster
[0.860s] -- Install configuration: ""
[0.864s] -- Up-to-date: /home/hqd/桌面/ws02_tools/install/cpp03_tf_broadcaster/lib/cpp03_tf_broadcaster/demo01_static_tf_broadcaster
[0.869s] -- Up-to-date: /home/hqd/桌面/ws02_tools/install/cpp03_tf_broadcaster/lib/cpp03_tf_broadcaster/demo02_dynamic_tf_broadcaster
[0.872s] -- Up-to-date: /home/hqd/桌面/ws02_tools/install/cpp03_tf_broadcaster/lib/cpp03_tf_broadcaster/demo03_point_tf_broadcaster
[0.873s] -- Up-to-date: /home/hqd/桌面/ws02_tools/install/cpp03_tf_broadcaster/share/ament_index/resource_index/package_run_dependencies/cpp03_tf_broadcaster
[0.875s] -- Up-to-date: /home/hqd/桌面/ws02_tools/install/cpp03_tf_broadcaster/share/ament_index/resource_index/parent_prefix_path/cpp03_tf_broadcaster
[0.877s] -- Up-to-date: /home/hqd/桌面/ws02_tools/install/cpp03_tf_broadcaster/share/cpp03_tf_broadcaster/environment/ament_prefix_path.sh
[0.877s] -- Up-to-date: /home/hqd/桌面/ws02_tools/install/cpp03_tf_broadcaster/share/cpp03_tf_broadcaster/environment/ament_prefix_path.dsv
[0.878s] -- Up-to-date: /home/hqd/桌面/ws02_tools/install/cpp03_tf_broadcaster/share/cpp03_tf_broadcaster/environment/path.sh
[0.878s] -- Up-to-date: /home/hqd/桌面/ws02_tools/install/cpp03_tf_broadcaster/share/cpp03_tf_broadcaster/environment/path.dsv
[0.879s] -- Up-to-date: /home/hqd/桌面/ws02_tools/install/cpp03_tf_broadcaster/share/cpp03_tf_broadcaster/local_setup.bash
[0.879s] -- Up-to-date: /home/hqd/桌面/ws02_tools/install/cpp03_tf_broadcaster/share/cpp03_tf_broadcaster/local_setup.sh
[0.879s] -- Up-to-date: /home/hqd/桌面/ws02_tools/install/cpp03_tf_broadcaster/share/cpp03_tf_broadcaster/local_setup.zsh
[0.880s] -- Up-to-date: /home/hqd/桌面/ws02_tools/install/cpp03_tf_broadcaster/share/cpp03_tf_broadcaster/local_setup.dsv
[0.880s] -- Installing: /home/hqd/桌面/ws02_tools/install/cpp03_tf_broadcaster/share/cpp03_tf_broadcaster/package.dsv
[0.883s] -- Up-to-date: /home/hqd/桌面/ws02_tools/install/cpp03_tf_broadcaster/share/ament_index/resource_index/packages/cpp03_tf_broadcaster
[0.884s] -- Up-to-date: /home/hqd/桌面/ws02_tools/install/cpp03_tf_broadcaster/share/cpp03_tf_broadcaster/cmake/cpp03_tf_broadcasterConfig.cmake
[0.884s] -- Up-to-date: /home/hqd/桌面/ws02_tools/install/cpp03_tf_broadcaster/share/cpp03_tf_broadcaster/cmake/cpp03_tf_broadcasterConfig-version.cmake
[0.885s] -- Up-to-date: /home/hqd/桌面/ws02_tools/install/cpp03_tf_broadcaster/share/cpp03_tf_broadcaster/package.xml
[0.889s] Invoked command in '/home/hqd/桌面/ws02_tools/build/cpp03_tf_broadcaster' returned '0': CMAKE_PREFIX_PATH=${CMAKE_PREFIX_PATH}:/opt/ros/humble /usr/bin/cmake --install /home/hqd/桌面/ws02_tools/build/cpp03_tf_broadcaster
